Archive member included to satisfy reference by file (symbol)

D:/SOFT/STM32CubeIDE_1.16.0/STM32CubeIDE/plugins/com.st.stm32cube.ide.mcu.externaltools.gnu-tools-for-stm32.12.3.rel1.win32_1.0.200.202406191623/tools/bin/../lib/gcc/arm-none-eabi/12.3.1/../../../../arm-none-eabi/lib/thumb/v7e-m+fp/hard\libc_nano.a(libc_a-exit.o)
                              D:/SOFT/STM32CubeIDE_1.16.0/STM32CubeIDE/plugins/com.st.stm32cube.ide.mcu.externaltools.gnu-tools-for-stm32.12.3.rel1.win32_1.0.200.202406191623/tools/bin/../lib/gcc/arm-none-eabi/12.3.1/../../../../arm-none-eabi/lib/thumb/v7e-m+fp/hard/crt0.o (exit)
D:/SOFT/STM32CubeIDE_1.16.0/STM32CubeIDE/plugins/com.st.stm32cube.ide.mcu.externaltools.gnu-tools-for-stm32.12.3.rel1.win32_1.0.200.202406191623/tools/bin/../lib/gcc/arm-none-eabi/12.3.1/../../../../arm-none-eabi/lib/thumb/v7e-m+fp/hard\libc_nano.a(libc_a-findfp.o)
                              ./Middlewares/Third_Party/FreeRTOS/Source/tasks.o (__sf)
D:/SOFT/STM32CubeIDE_1.16.0/STM32CubeIDE/plugins/com.st.stm32cube.ide.mcu.externaltools.gnu-tools-for-stm32.12.3.rel1.win32_1.0.200.202406191623/tools/bin/../lib/gcc/arm-none-eabi/12.3.1/../../../../arm-none-eabi/lib/thumb/v7e-m+fp/hard\libc_nano.a(libc_a-fwalk.o)
                              D:/SOFT/STM32CubeIDE_1.16.0/STM32CubeIDE/plugins/com.st.stm32cube.ide.mcu.externaltools.gnu-tools-for-stm32.12.3.rel1.win32_1.0.200.202406191623/tools/bin/../lib/gcc/arm-none-eabi/12.3.1/../../../../arm-none-eabi/lib/thumb/v7e-m+fp/hard\libc_nano.a(libc_a-findfp.o) (_fwalk_sglue)
D:/SOFT/STM32CubeIDE_1.16.0/STM32CubeIDE/plugins/com.st.stm32cube.ide.mcu.externaltools.gnu-tools-for-stm32.12.3.rel1.win32_1.0.200.202406191623/tools/bin/../lib/gcc/arm-none-eabi/12.3.1/../../../../arm-none-eabi/lib/thumb/v7e-m+fp/hard\libc_nano.a(libc_a-stdio.o)
                              D:/SOFT/STM32CubeIDE_1.16.0/STM32CubeIDE/plugins/com.st.stm32cube.ide.mcu.externaltools.gnu-tools-for-stm32.12.3.rel1.win32_1.0.200.202406191623/tools/bin/../lib/gcc/arm-none-eabi/12.3.1/../../../../arm-none-eabi/lib/thumb/v7e-m+fp/hard\libc_nano.a(libc_a-findfp.o) (__sread)
D:/SOFT/STM32CubeIDE_1.16.0/STM32CubeIDE/plugins/com.st.stm32cube.ide.mcu.externaltools.gnu-tools-for-stm32.12.3.rel1.win32_1.0.200.202406191623/tools/bin/../lib/gcc/arm-none-eabi/12.3.1/../../../../arm-none-eabi/lib/thumb/v7e-m+fp/hard\libc_nano.a(libc_a-memset.o)
                              D:/SOFT/STM32CubeIDE_1.16.0/STM32CubeIDE/plugins/com.st.stm32cube.ide.mcu.externaltools.gnu-tools-for-stm32.12.3.rel1.win32_1.0.200.202406191623/tools/bin/../lib/gcc/arm-none-eabi/12.3.1/../../../../arm-none-eabi/lib/thumb/v7e-m+fp/hard/crt0.o (memset)
D:/SOFT/STM32CubeIDE_1.16.0/STM32CubeIDE/plugins/com.st.stm32cube.ide.mcu.externaltools.gnu-tools-for-stm32.12.3.rel1.win32_1.0.200.202406191623/tools/bin/../lib/gcc/arm-none-eabi/12.3.1/../../../../arm-none-eabi/lib/thumb/v7e-m+fp/hard\libc_nano.a(libc_a-closer.o)
                              D:/SOFT/STM32CubeIDE_1.16.0/STM32CubeIDE/plugins/com.st.stm32cube.ide.mcu.externaltools.gnu-tools-for-stm32.12.3.rel1.win32_1.0.200.202406191623/tools/bin/../lib/gcc/arm-none-eabi/12.3.1/../../../../arm-none-eabi/lib/thumb/v7e-m+fp/hard\libc_nano.a(libc_a-stdio.o) (_close_r)
D:/SOFT/STM32CubeIDE_1.16.0/STM32CubeIDE/plugins/com.st.stm32cube.ide.mcu.externaltools.gnu-tools-for-stm32.12.3.rel1.win32_1.0.200.202406191623/tools/bin/../lib/gcc/arm-none-eabi/12.3.1/../../../../arm-none-eabi/lib/thumb/v7e-m+fp/hard\libc_nano.a(libc_a-reent.o)
                              ./Middlewares/Third_Party/FreeRTOS/Source/tasks.o (_reclaim_reent)
D:/SOFT/STM32CubeIDE_1.16.0/STM32CubeIDE/plugins/com.st.stm32cube.ide.mcu.externaltools.gnu-tools-for-stm32.12.3.rel1.win32_1.0.200.202406191623/tools/bin/../lib/gcc/arm-none-eabi/12.3.1/../../../../arm-none-eabi/lib/thumb/v7e-m+fp/hard\libc_nano.a(libc_a-impure.o)
                              ./Middlewares/Third_Party/FreeRTOS/Source/tasks.o (_impure_ptr)
D:/SOFT/STM32CubeIDE_1.16.0/STM32CubeIDE/plugins/com.st.stm32cube.ide.mcu.externaltools.gnu-tools-for-stm32.12.3.rel1.win32_1.0.200.202406191623/tools/bin/../lib/gcc/arm-none-eabi/12.3.1/../../../../arm-none-eabi/lib/thumb/v7e-m+fp/hard\libc_nano.a(libc_a-lseekr.o)
                              D:/SOFT/STM32CubeIDE_1.16.0/STM32CubeIDE/plugins/com.st.stm32cube.ide.mcu.externaltools.gnu-tools-for-stm32.12.3.rel1.win32_1.0.200.202406191623/tools/bin/../lib/gcc/arm-none-eabi/12.3.1/../../../../arm-none-eabi/lib/thumb/v7e-m+fp/hard\libc_nano.a(libc_a-stdio.o) (_lseek_r)
D:/SOFT/STM32CubeIDE_1.16.0/STM32CubeIDE/plugins/com.st.stm32cube.ide.mcu.externaltools.gnu-tools-for-stm32.12.3.rel1.win32_1.0.200.202406191623/tools/bin/../lib/gcc/arm-none-eabi/12.3.1/../../../../arm-none-eabi/lib/thumb/v7e-m+fp/hard\libc_nano.a(libc_a-readr.o)
[...]
Memory Configuration

Name             Origin             Length             Attributes
RAM              0x20000000         0x00018000         xrw
FLASH            0x08000000         0x00080000         xr
*default*        0x00000000         0xffffffff

Linker script and memory map

LOAD D:/SOFT/STM32CubeIDE_1.16.0/STM32CubeIDE/plugins/com.st.stm32cube.ide.mcu.externaltools.gnu-tools-for-stm32.12.3.rel1.win32_1.0.200.202406191623/tools/bin/../lib/gcc/arm-none-eabi/12.3.1/thumb/v7e-m+fp/hard/crti.o
LOAD D:/SOFT/STM32CubeIDE_1.16.0/STM32CubeIDE/plugins/com.st.stm32cube.ide.mcu.externaltools.gnu-tools-for-stm32.12.3.rel1.win32_1.0.200.202406191623/tools/bin/../lib/gcc/arm-none-eabi/12.3.1/thumb/v7e-m+fp/hard/crtbegin.o
LOAD D:/SOFT/STM32CubeIDE_1.16.0/STM32CubeIDE/plugins/com.st.stm32cube.ide.mcu.externaltools.gnu-tools-for-stm32.12.3.rel1.win32_1.0.200.202406191623/tools/bin/../lib/gcc/arm-none-eabi/12.3.1/../../../../arm-none-eabi/lib/thumb/v7e-m+fp/hard/crt0.o
LOAD ./Core/Src/freertos.o
LOAD ./Core/Src/gpio.o
LOAD ./Core/Src/main.o
LOAD ./Core/Src/stm32f4xx_hal_msp.o
LOAD ./Core/Src/stm32f4xx_hal_timebase_tim.o
LOAD ./Core/Src/stm32f4xx_it.o
LOAD ./Core/Src/syscalls.o
LOAD ./Core/Src/sysmem.o
LOAD ./Core/Src/system_stm32f4xx.o
LOAD ./Core/Src/tim.o
LOAD ./Core/Src/usart.o
LOAD ./Core/Startup/startup_stm32f401retx.o
LOAD ./Drivers/STM32F4xx_HAL_Driver/Src/stm32f4xx_hal.o
LOAD ./Drivers/STM32F4xx_HAL_Driver/Src/stm32f4xx_hal_cortex.o
LOAD ./Drivers/STM32F4xx_HAL_Driver/Src/stm32f4xx_hal_dma.o
LOAD ./Drivers/STM32F4xx_HAL_Driver/Src/stm32f4xx_hal_dma_ex.o
LOAD ./Drivers/STM32F4xx_HAL_Driver/Src/stm32f4xx_hal_exti.o
LOAD ./Drivers/STM32F4xx_HAL_Driver/Src/stm32f4xx_hal_flash.o
LOAD ./Drivers/STM32F4xx_HAL_Driver/Src/stm32f4xx_hal_flash_ex.o
LOAD ./Drivers/STM32F4xx_HAL_Driver/Src/stm32f4xx_hal_flash_ramfunc.o
LOAD ./Drivers/STM32F4xx_HAL_Driver/Src/stm32f4xx_hal_gpio.o
LOAD ./Drivers/STM32F4xx_HAL_Driver/Src/stm32f4xx_hal_pwr.o
LOAD ./Drivers/STM32F4xx_HAL_Driver/Src/stm32f4xx_hal_pwr_ex.o
LOAD ./Drivers/STM32F4xx_HAL_Driver/Src/stm32f4xx_hal_rcc.o
LOAD ./Drivers/STM32F4xx_HAL_Driver/Src/stm32f4xx_hal_rcc_ex.o
LOAD ./Drivers/STM32F4xx_HAL_Driver/Src/stm32f4xx_hal_tim.o
LOAD ./Drivers/STM32F4xx_HAL_Driver/Src/stm32f4xx_hal_tim_ex.o
LOAD ./Drivers/STM32F4xx_HAL_Driver/Src/stm32f4xx_hal_uart.o
LOAD ./Middlewares/Third_Party/FreeRTOS/Source/CMSIS_RTOS_V2/cmsis_os2.o
LOAD ./Middlewares/Third_Party/FreeRTOS/Source/croutine.o
LOAD ./Middlewares/Third_Party/FreeRTOS/Source/event_groups.o
LOAD ./Middlewares/Third_Party/FreeRTOS/Source/list.o
LOAD ./Middlewares/Third_Party/FreeRTOS/Source/queue.o
LOAD ./Middlewares/Third_Party/FreeRTOS/Source/stream_buffer.o
LOAD ./Middlewares/Third_Party/FreeRTOS/Source/tasks.o
LOAD ./Middlewares/Third_Party/FreeRTOS/Source/timers.o
LOAD ./Middlewares/Third_Party/FreeRTOS/Source/portable/GCC/ARM_CM4F/port.o
LOAD ./Middlewares/Third_Party/FreeRTOS/Source/portable/MemMang/heap_4.o
START GROUP
LOAD D:/SOFT/STM32CubeIDE_1.16.0/STM32CubeIDE/plugins/com.st.stm32cube.ide.mcu.externaltools.gnu-tools-for-stm32.12.3.rel1.win32_1.0.200.202406191623/tools/bin/../lib/gcc/arm-none-eabi/12.3.1/../../../../arm-none-eabi/lib/thumb/v7e-m+fp/hard\libc_nano.a
LOAD D:/SOFT/STM32CubeIDE_1.16.0/STM32CubeIDE/plugins/com.st.stm32cube.ide.mcu.externaltools.gnu-tools-for-stm32.12.3.rel1.win32_1.0.200.202406191623/tools/bin/../lib/gcc/arm-none-eabi/12.3.1/../../../../arm-none-eabi/lib/thumb/v7e-m+fp/hard\libm.a
END GROUP
START GROUP
LOAD D:/SOFT/STM32CubeIDE_1.16.0/STM32CubeIDE/plugins/com.st.stm32cube.ide.mcu.externaltools.gnu-tools-for-stm32.12.3.rel1.win32_1.0.200.202406191623/tools/bin/../lib/gcc/arm-none-eabi/12.3.1/thumb/v7e-m+fp/hard\libgcc.a
LOAD D:/SOFT/STM32CubeIDE_1.16.0/STM32CubeIDE/plugins/com.st.stm32cube.ide.mcu.externaltools.gnu-tools-for-stm32.12.3.rel1.win32_1.0.200.202406191623/tools/bin/../lib/gcc/arm-none-eabi/12.3.1/../../../../arm-none-eabi/lib/thumb/v7e-m+fp/hard\libc_nano.a
END GROUP
START GROUP
LOAD D:/SOFT/STM32CubeIDE_1.16.0/STM32CubeIDE/plugins/com.st.stm32cube.ide.mcu.externaltools.gnu-tools-for-stm32.12.3.rel1.win32_1.0.200.202406191623/tools/bin/../lib/gcc/arm-none-eabi/12.3.1/thumb/v7e-m+fp/hard\libgcc.a
LOAD D:/SOFT/STM32CubeIDE_1.16.0/STM32CubeIDE/plugins/com.st.stm32cube.ide.mcu.externaltools.gnu-tools-for-stm32.12.3.rel1.win32_1.0.200.202406191623/tools/bin/../lib/gcc/arm-none-eabi/12.3.1/../../../../arm-none-eabi/lib/thumb/v7e-m+fp/hard\libc_nano.a
LOAD D:/SOFT/STM32CubeIDE_1.16.0/STM32CubeIDE/plugins/com.st.stm32cube.ide.mcu.externaltools.gnu-tools-for-stm32.12.3.rel1.win32_1.0.200.202406191623/tools/bin/../lib/gcc/arm-none-eabi/12.3.1/../../../../arm-none-eabi/lib/thumb/v7e-m+fp/hard\libnosys.a
END GROUP
START GROUP
LOAD D:/SOFT/STM32CubeIDE_1.16.0/STM32CubeIDE/plugins/com.st.stm32cube.ide.mcu.externaltools.gnu-tools-for-stm32.12.3.rel1.win32_1.0.200.202406191623/tools/bin/../lib/gcc/arm-none-eabi/12.3.1/thumb/v7e-m+fp/hard\libgcc.a
LOAD D:/SOFT/STM32CubeIDE_1.16.0/STM32CubeIDE/plugins/com.st.stm32cube.ide.mcu.externaltools.gnu-tools-for-stm32.12.3.rel1.win32_1.0.200.202406191623/tools/bin/../lib/gcc/arm-none-eabi/12.3.1/../../../../arm-none-eabi/lib/thumb/v7e-m+fp/hard\libc_nano.a
LOAD D:/SOFT/STM32CubeIDE_1.16.0/STM32CubeIDE/plugins/com.st.stm32cube.ide.mcu.externaltools.gnu-tools-for-stm32.12.3.rel1.win32_1.0.200.202406191623/tools/bin/../lib/gcc/arm-none-eabi/12.3.1/../../../../arm-none-eabi/lib/thumb/v7e-m+fp/hard\libnosys.a
END GROUP
LOAD D:/SOFT/STM32CubeIDE_1.16.0/STM32CubeIDE/plugins/com.st.stm32cube.ide.mcu.externaltools.gnu-tools-for-stm32.12.3.rel1.win32_1.0.200.202406191623/tools/bin/../lib/gcc/arm-none-eabi/12.3.1/thumb/v7e-m+fp/hard/crtend.o
LOAD D:/SOFT/STM32CubeIDE_1.16.0/STM32CubeIDE/plugins/com.st.stm32cube.ide.mcu.externaltools.gnu-tools-for-stm32.12.3.rel1.win32_1.0.200.202406191623/tools/bin/../lib/gcc/arm-none-eabi/12.3.1/thumb/v7e-m+fp/hard/crtn.o
                0x20018000                        _estack = (ORIGIN (RAM) + LENGTH (RAM))
                0x00000200                        _Min_Heap_Size = 0x200
                0x00000400                        _Min_Stack_Size = 0x400

.isr_vector     0x08000000      0x194
                0x08000000                        . = ALIGN (0x4)
 *(.isr_vector)
 .isr_vector    0x08000000      0x194 ./Core/Startup/startup_stm32f401retx.o
                0x08000000                g_pfnVectors
                0x08000194                        . = ALIGN (0x4)

.text           0x080001a0     0x453c
                0x080001a0                        . = ALIGN (0x4)
 *(.text)
 .text          0x080001a0       0x40 D:/SOFT/STM32CubeIDE_1.16.0/STM32CubeIDE/plugins/com.st.stm32cube.ide.mcu.externaltools.gnu-tools-for-stm32.12.3.rel1.win32_1.0.200.202406191623/tools/bin/../lib/gcc/arm-none-eabi/12.3.1/thumb/v7e-m+fp/hard/crtbegin.o
 .text          0x080001e0       0x30 D:/SOFT/STM32CubeIDE_1.16.0/STM32CubeIDE/plugins/com.st.stm32cube.ide.mcu.externaltools.gnu-tools-for-stm32.12.3.rel1.win32_1.0.200.202406191623/tools/bin/../lib/gcc/arm-none-eabi/12.3.1/thumb/v7e-m+fp/hard\libgcc.a(_aeabi_uldivmod.o)
                0x080001e0                __aeabi_uldivmod
 .text          0x08000210      0x2bc D:/SOFT/STM32CubeIDE_1.16.0/STM32CubeIDE/plugins/com.st.stm32cube.ide.mcu.externaltools.gnu-tools-for-stm32.12.3.rel1.win32_1.0.200.202406191623/tools/bin/../lib/gcc/arm-none-eabi/12.3.1/thumb/v7e-m+fp/hard\libgcc.a(_udivmoddi4.o)
                0x08000210                __udivmoddi4
 .text          0x080004cc        0x4 D:/SOFT/STM32CubeIDE_1.16.0/STM32CubeIDE/plugins/com.st.stm32cube.ide.mcu.externaltools.gnu-tools-for-stm32.12.3.rel1.win32_1.0.200.202406191623/tools/bin/../lib/gcc/arm-none-eabi/12.3.1/thumb/v7e-m+fp/hard\libgcc.a(_dvmd_tls.o)
                0x080004cc                __aeabi_idiv0
                0x080004cc                __aeabi_ldiv0
 *(.text*)
 .text.StartDefaultTask
                0x080004d0       0x84 ./Core/Src/freertos.o
                0x080004d0                StartDefaultTask
 .text.colorLib
                0x08000554      0x1cc ./Core/Src/freertos.o
                0x08000554                colorLib
 .text.StartLedTask
                0x08000720       0x40 ./Core/Src/freertos.o
                0x08000720                StartLedTask
 .text.MX_FREERTOS_Init
                0x08000760       0x38 ./Core/Src/freertos.o
                0x08000760                MX_FREERTOS_Init
 .text.MX_GPIO_Init
                0x08000798       0xc0 ./Core/Src/gpio.o
                0x08000798                MX_GPIO_Init
 .text.Set_PWM_Duty_Cycle
                0x08000858       0x22 ./Core/Src/main.o
                0x08000858                Set_PWM_Duty_Cycle
 *fill*         0x0800087a        0x2 
 .text.HAL_TIM_PeriodElapsedCallback
                0x0800087c       0x18 ./Core/Src/main.o
                0x0800087c                HAL_TIM_PeriodElapsedCallback
 .text.Error_Handler
                0x08000894        0x4 ./Core/Src/main.o
                0x08000894                Error_Handler
 .text.SystemClock_Config
                0x08000898       0xac ./Core/Src/main.o
                0x08000898                SystemClock_Config
 .text.main     0x08000944       0x50 ./Core/Src/main.o
                0x08000944                main
 .text.HAL_MspInit
                0x08000994       0x44 ./Core/Src/stm32f4xx_hal_msp.o
                0x08000994                HAL_MspInit
 .text.HAL_InitTick
                0x080009d8       0x94 ./Core/Src/stm32f4xx_hal_timebase_tim.o
                0x080009d8                HAL_InitTick
 .text.NMI_Handler
                0x08000a6c        0x2 ./Core/Src/stm32f4xx_it.o
                0x08000a6c                NMI_Handler
 .text.HardFault_Handler
                0x08000a6e        0x2 ./Core/Src/stm32f4xx_it.o
                0x08000a6e                HardFault_Handler
 .text.MemManage_Handler
                0x08000a70        0x2 ./Core/Src/stm32f4xx_it.o
                0x08000a70                MemManage_Handler
 .text.BusFault_Handler
                0x08000a72        0x2 ./Core/Src/stm32f4xx_it.o
                0x08000a72                BusFault_Handler
 .text.UsageFault_Handler
                0x08000a74        0x2 ./Core/Src/stm32f4xx_it.o
                0x08000a74                UsageFault_Handler
 .text.DebugMon_Handler
                0x08000a76        0x2 ./Core/Src/stm32f4xx_it.o
                0x08000a76                DebugMon_Handler
 .text.TIM1_UP_TIM10_IRQHandler
                0x08000a78       0x18 ./Core/Src/stm32f4xx_it.o
                0x08000a78                TIM1_UP_TIM10_IRQHandler
 .text.TIM3_IRQHandler
                0x08000a90       0x10 ./Core/Src/stm32f4xx_it.o
                0x08000a90                TIM3_IRQHandler
 .text.USART1_IRQHandler
                0x08000aa0       0x10 ./Core/Src/stm32f4xx_it.o
                0x08000aa0                USART1_IRQHandler
 .text.SystemInit
                0x08000ab0       0x14 ./Core/Src/system_stm32f4xx.o
                0x08000ab0                SystemInit
 .text.MX_TIM1_Init
                0x08000ac4       0x70 ./Core/Src/tim.o
                0x08000ac4                MX_TIM1_Init
 .text.HAL_TIM_Base_MspInit
                0x08000b34       0x74 ./Core/Src/tim.o
                0x08000b34                HAL_TIM_Base_MspInit
 .text.HAL_TIM_MspPostInit
                0x08000ba8       0x80 ./Core/Src/tim.o
                0x08000ba8                HAL_TIM_MspPostInit
 .text.MX_TIM3_Init
                0x08000c28       0xd4 ./Core/Src/tim.o
                0x08000c28                MX_TIM3_Init
 .text.MX_USART1_UART_Init
                0x08000cfc       0x34 ./Core/Src/usart.o
                0x08000cfc                MX_USART1_UART_Init
 .text.HAL_UART_MspInit
                0x08000d30       0x80 ./Core/Src/usart.o
                0x08000d30                HAL_UART_MspInit
 .text.Reset_Handler
                0x08000db0       0x50 ./Core/Startup/startup_stm32f401retx.o
                0x08000db0                Reset_Handler
 .text.Default_Handler
                0x08000e00        0x2 ./Core/Startup/startup_stm32f401retx.o
                0x08000e00                RTC_Alarm_IRQHandler
                0x08000e00                EXTI2_IRQHandler
                0x08000e00                SPI4_IRQHandler
                0x08000e00                TIM1_CC_IRQHandler
                0x08000e00                DMA2_Stream5_IRQHandler
                0x08000e00                DMA1_Stream5_IRQHandler
                0x08000e00                PVD_IRQHandler
                0x08000e00                SDIO_IRQHandler
                0x08000e00                TAMP_STAMP_IRQHandler
                0x08000e00                EXTI3_IRQHandler
                0x08000e00                I2C3_ER_IRQHandler
                0x08000e00                EXTI0_IRQHandler
                0x08000e00                I2C2_EV_IRQHandler
                0x08000e00                DMA1_Stream2_IRQHandler
                0x08000e00                FPU_IRQHandler
                0x08000e00                DMA2_Stream2_IRQHandler
                0x08000e00                SPI1_IRQHandler
                0x08000e00                TIM1_BRK_TIM9_IRQHandler
                0x08000e00                DMA2_Stream3_IRQHandler
                0x08000e00                USART6_IRQHandler
                0x08000e00                DMA2_Stream0_IRQHandler
                0x08000e00                TIM4_IRQHandler
                0x08000e00                I2C1_EV_IRQHandler
                0x08000e00                DMA1_Stream6_IRQHandler
                0x08000e00                DMA1_Stream1_IRQHandler
                0x08000e00                RCC_IRQHandler
                0x08000e00                Default_Handler
                0x08000e00                EXTI15_10_IRQHandler
                0x08000e00                ADC_IRQHandler
                0x08000e00                DMA1_Stream7_IRQHandler
                0x08000e00                TIM5_IRQHandler
                0x08000e00                DMA2_Stream7_IRQHandler
                0x08000e00                I2C3_EV_IRQHandler
                0x08000e00                EXTI9_5_IRQHandler
                0x08000e00                RTC_WKUP_IRQHandler
                0x08000e00                SPI2_IRQHandler
                0x08000e00                DMA1_Stream0_IRQHandler
                0x08000e00                EXTI4_IRQHandler
                0x08000e00                WWDG_IRQHandler
                0x08000e00                TIM2_IRQHandler
                0x08000e00                OTG_FS_WKUP_IRQHandler
                0x08000e00                TIM1_TRG_COM_TIM11_IRQHandler
                0x08000e00                EXTI1_IRQHandler
                0x08000e00                USART2_IRQHandler
                0x08000e00                I2C2_ER_IRQHandler
                0x08000e00                DMA2_Stream1_IRQHandler
                0x08000e00                FLASH_IRQHandler
                0x08000e00                DMA2_Stream4_IRQHandler
                0x08000e00                OTG_FS_IRQHandler
                0x08000e00                SPI3_IRQHandler
                0x08000e00                DMA1_Stream4_IRQHandler
                0x08000e00                I2C1_ER_IRQHandler
                0x08000e00                DMA2_Stream6_IRQHandler
                0x08000e00                DMA1_Stream3_IRQHandler
 *fill*         0x08000e02        0x2 
 .text.HAL_Init
                0x08000e04       0x34 ./Drivers/STM32F4xx_HAL_Driver/Src/stm32f4xx_hal.o
                0x08000e04                HAL_Init
 .text.HAL_IncTick
                0x08000e38       0x18 ./Drivers/STM32F4xx_HAL_Driver/Src/stm32f4xx_hal.o
                0x08000e38                HAL_IncTick
 .text.HAL_GetTick
                0x08000e50        0xc ./Drivers/STM32F4xx_HAL_Driver/Src/stm32f4xx_hal.o
                0x08000e50                HAL_GetTick
 .text.__NVIC_EnableIRQ
                0x08000e5c       0x1c ./Drivers/STM32F4xx_HAL_Driver/Src/stm32f4xx_hal_cortex.o
 .text.__NVIC_SetPriority
                0x08000e78       0x28 ./Drivers/STM32F4xx_HAL_Driver/Src/stm32f4xx_hal_cortex.o
 .text.NVIC_EncodePriority
                0x08000ea0       0x3e ./Drivers/STM32F4xx_HAL_Driver/Src/stm32f4xx_hal_cortex.o
 *fill*         0x08000ede        0x2 
 .text.HAL_NVIC_SetPriorityGrouping
                0x08000ee0       0x24 ./Drivers/STM32F4xx_HAL_Driver/Src/stm32f4xx_hal_cortex.o
                0x08000ee0                HAL_NVIC_SetPriorityGrouping
 .text.HAL_NVIC_SetPriority
                0x08000f04       0x20 ./Drivers/STM32F4xx_HAL_Driver/Src/stm32f4xx_hal_cortex.o
                0x08000f04                HAL_NVIC_SetPriority
 .text.HAL_NVIC_EnableIRQ
                0x08000f24        0x8 ./Drivers/STM32F4xx_HAL_Driver/Src/stm32f4xx_hal_cortex.o
                0x08000f24                HAL_NVIC_EnableIRQ
 .text.HAL_DMA_Abort
                0x08000f2c       0x94 ./Drivers/STM32F4xx_HAL_Driver/Src/stm32f4xx_hal_dma.o
                0x08000f2c                HAL_DMA_Abort
 .text.HAL_DMA_Abort_IT
                0x08000fc0       0x26 ./Drivers/STM32F4xx_HAL_Driver/Src/stm32f4xx_hal_dma.o
                0x08000fc0                HAL_DMA_Abort_IT
 *fill*         0x08000fe6        0x2 
 .text.HAL_GPIO_Init
                0x08000fe8      0x1c8 ./Drivers/STM32F4xx_HAL_Driver/Src/stm32f4xx_hal_gpio.o
                0x08000fe8                HAL_GPIO_Init
 .text.HAL_GPIO_WritePin
                0x080011b0        0xc ./Drivers/STM32F4xx_HAL_Driver/Src/stm32f4xx_hal_gpio.o
                0x080011b0                HAL_GPIO_WritePin
 .text.HAL_RCC_OscConfig
                0x080011bc      0x3f8 ./Drivers/STM32F4xx_HAL_Driver/Src/stm32f4xx_hal_rcc.o
                0x080011bc                HAL_RCC_OscConfig
 .text.HAL_RCC_GetSysClockFreq
                0x080015b4       0xdc ./Drivers/STM32F4xx_HAL_Driver/Src/stm32f4xx_hal_rcc.o
                0x080015b4                HAL_RCC_GetSysClockFreq
 .text.HAL_RCC_ClockConfig
                0x08001690      0x160 ./Drivers/STM32F4xx_HAL_Driver/Src/stm32f4xx_hal_rcc.o
                0x08001690                HAL_RCC_ClockConfig
 .text.HAL_RCC_GetHCLKFreq
                0x080017f0        0xc ./Drivers/STM32F4xx_HAL_Driver/Src/stm32f4xx_hal_rcc.o
                0x080017f0                HAL_RCC_GetHCLKFreq
 .text.HAL_RCC_GetPCLK1Freq
                0x080017fc       0x20 ./Drivers/STM32F4xx_HAL_Driver/Src/stm32f4xx_hal_rcc.o
                0x080017fc                HAL_RCC_GetPCLK1Freq
 .text.HAL_RCC_GetPCLK2Freq
                0x0800181c       0x20 ./Drivers/STM32F4xx_HAL_Driver/Src/stm32f4xx_hal_rcc.o
                0x0800181c                HAL_RCC_GetPCLK2Freq
 .text.HAL_RCC_GetClockConfig
                0x0800183c       0x3c ./Drivers/STM32F4xx_HAL_Driver/Src/stm32f4xx_hal_rcc.o
                0x0800183c                HAL_RCC_GetClockConfig
 .text.TIM_OC1_SetConfig
                0x08001878       0x54 ./Drivers/STM32F4xx_HAL_Driver/Src/stm32f4xx_hal_tim.o
 .text.TIM_OC3_SetConfig
                0x080018cc       0x5c ./Drivers/STM32F4xx_HAL_Driver/Src/stm32f4xx_hal_tim.o
 .text.TIM_OC4_SetConfig
                0x08001928       0x48 ./Drivers/STM32F4xx_HAL_Driver/Src/stm32f4xx_hal_tim.o
 .text.TIM_TI1_ConfigInputStage
                0x08001970       0x26 ./Drivers/STM32F4xx_HAL_Driver/Src/stm32f4xx_hal_tim.o
 .text.TIM_TI2_ConfigInputStage
                0x08001996       0x28 ./Drivers/STM32F4xx_HAL_Driver/Src/stm32f4xx_hal_tim.o
 .text.TIM_ITRx_SetConfig
                0x080019be       0x10 ./Drivers/STM32F4xx_HAL_Driver/Src/stm32f4xx_hal_tim.o
 *fill*         0x080019ce        0x2 
 .text.HAL_TIM_Base_Start_IT
                0x080019d0       0x78 ./Drivers/STM32F4xx_HAL_Driver/Src/stm32f4xx_hal_tim.o
                0x080019d0                HAL_TIM_Base_Start_IT
 .text.HAL_TIM_PWM_MspInit
                0x08001a48        0x2 ./Drivers/STM32F4xx_HAL_Driver/Src/stm32f4xx_hal_tim.o
                0x08001a48                HAL_TIM_PWM_MspInit
 .text.HAL_TIM_OC_DelayElapsedCallback
                0x08001a4a        0x2 ./Drivers/STM32F4xx_HAL_Driver/Src/stm32f4xx_hal_tim.o
                0x08001a4a                HAL_TIM_OC_DelayElapsedCallback
 .text.HAL_TIM_IC_CaptureCallback
                0x08001a4c        0x2 ./Drivers/STM32F4xx_HAL_Driver/Src/stm32f4xx_hal_tim.o
                0x08001a4c                HAL_TIM_IC_CaptureCallback
 .text.HAL_TIM_PWM_PulseFinishedCallback
                0x08001a4e        0x2 ./Drivers/STM32F4xx_HAL_Driver/Src/stm32f4xx_hal_tim.o
                0x08001a4e                HAL_TIM_PWM_PulseFinishedCallback
 .text.HAL_TIM_TriggerCallback
                0x08001a50        0x2 ./Drivers/STM32F4xx_HAL_Driver/Src/stm32f4xx_hal_tim.o
                0x08001a50                HAL_TIM_TriggerCallback
 .text.HAL_TIM_IRQHandler
                0x08001a52      0x15e ./Drivers/STM32F4xx_HAL_Driver/Src/stm32f4xx_hal_tim.o
                0x08001a52                HAL_TIM_IRQHandler
 .text.TIM_Base_SetConfig
                0x08001bb0       0xac ./Drivers/STM32F4xx_HAL_Driver/Src/stm32f4xx_hal_tim.o
                0x08001bb0                TIM_Base_SetConfig
 .text.HAL_TIM_Base_Init
                0x08001c5c       0x58 ./Drivers/STM32F4xx_HAL_Driver/Src/stm32f4xx_hal_tim.o
                0x08001c5c                HAL_TIM_Base_Init
 .text.HAL_TIM_PWM_Init
                0x08001cb4       0x58 ./Drivers/STM32F4xx_HAL_Driver/Src/stm32f4xx_hal_tim.o
                0x08001cb4                HAL_TIM_PWM_Init
 .text.TIM_OC2_SetConfig
                0x08001d0c       0x5c ./Drivers/STM32F4xx_HAL_Driver/Src/stm32f4xx_hal_tim.o
                0x08001d0c                TIM_OC2_SetConfig
 .text.HAL_TIM_PWM_ConfigChannel
                0x08001d68       0xdc ./Drivers/STM32F4xx_HAL_Driver/Src/stm32f4xx_hal_tim.o
                0x08001d68                HAL_TIM_PWM_ConfigChannel
 .text.TIM_ETR_SetConfig
                0x08001e44       0x1a ./Drivers/STM32F4xx_HAL_Driver/Src/stm32f4xx_hal_tim.o
                0x08001e44                TIM_ETR_SetConfig
 .text.HAL_TIM_ConfigClockSource
                0x08001e5e       0xfe ./Drivers/STM32F4xx_HAL_Driver/Src/stm32f4xx_hal_tim.o
                0x08001e5e                HAL_TIM_ConfigClockSource
 .text.TIM_CCxChannelCmd
                0x08001f5c       0x1e ./Drivers/STM32F4xx_HAL_Driver/Src/stm32f4xx_hal_tim.o
                0x08001f5c                TIM_CCxChannelCmd
 *fill*         0x08001f7a        0x2 
 .text.HAL_TIM_PWM_Start
                0x08001f7c       0xf0 ./Drivers/STM32F4xx_HAL_Driver/Src/stm32f4xx_hal_tim.o
                0x08001f7c                HAL_TIM_PWM_Start
 .text.HAL_TIMEx_MasterConfigSynchronization
                0x0800206c       0x7c ./Drivers/STM32F4xx_HAL_Driver/Src/stm32f4xx_hal_tim_ex.o
                0x0800206c                HAL_TIMEx_MasterConfigSynchronization
 .text.HAL_TIMEx_CommutCallback
                0x080020e8        0x2 ./Drivers/STM32F4xx_HAL_Driver/Src/stm32f4xx_hal_tim_ex.o
                0x080020e8                HAL_TIMEx_CommutCallback
 .text.HAL_TIMEx_BreakCallback
                0x080020ea        0x2 ./Drivers/STM32F4xx_HAL_Driver/Src/stm32f4xx_hal_tim_ex.o
                0x080020ea                HAL_TIMEx_BreakCallback
 .text.UART_EndRxTransfer
                0x080020ec       0x5c ./Drivers/STM32F4xx_HAL_Driver/Src/stm32f4xx_hal_uart.o
 .text.UART_Transmit_IT
                0x08002148       0x60 ./Drivers/STM32F4xx_HAL_Driver/Src/stm32f4xx_hal_uart.o
 .text.UART_SetConfig
                0x080021a8      0x110 ./Drivers/STM32F4xx_HAL_Driver/Src/stm32f4xx_hal_uart.o
 .text.UART_WaitOnFlagUntilTimeout
                0x080022b8       0x86 ./Drivers/STM32F4xx_HAL_Driver/Src/stm32f4xx_hal_uart.o
 .text.HAL_UART_Init
                0x0800233e       0x60 ./Drivers/STM32F4xx_HAL_Driver/Src/stm32f4xx_hal_uart.o
                0x0800233e                HAL_UART_Init
 .text.HAL_UART_Receive
                0x0800239e       0xd2 ./Drivers/STM32F4xx_HAL_Driver/Src/stm32f4xx_hal_uart.o
                0x0800239e                HAL_UART_Receive
 .text.HAL_UART_TxCpltCallback
                0x08002470        0x2 ./Drivers/STM32F4xx_HAL_Driver/Src/stm32f4xx_hal_uart.o
                0x08002470                HAL_UART_TxCpltCallback
 .text.UART_EndTransmit_IT
                0x08002472       0x1a ./Drivers/STM32F4xx_HAL_Driver/Src/stm32f4xx_hal_uart.o
 .text.HAL_UART_RxCpltCallback
                0x0800248c        0x2 ./Drivers/STM32F4xx_HAL_Driver/Src/stm32f4xx_hal_uart.o
                0x0800248c                HAL_UART_RxCpltCallback
 .text.HAL_UART_ErrorCallback
                0x0800248e        0x2 ./Drivers/STM32F4xx_HAL_Driver/Src/stm32f4xx_hal_uart.o
                0x0800248e                HAL_UART_ErrorCallback
 .text.UART_DMAAbortOnError
                0x08002490       0x10 ./Drivers/STM32F4xx_HAL_Driver/Src/stm32f4xx_hal_uart.o
 .text.HAL_UARTEx_RxEventCallback
                0x080024a0        0x2 ./Drivers/STM32F4xx_HAL_Driver/Src/stm32f4xx_hal_uart.o
                0x080024a0                HAL_UARTEx_RxEventCallback
 .text.UART_Receive_IT
                0x080024a2       0xe6 ./Drivers/STM32F4xx_HAL_Driver/Src/stm32f4xx_hal_uart.o
 .text.HAL_UART_IRQHandler
                0x08002588      0x284 ./Drivers/STM32F4xx_HAL_Driver/Src/stm32f4xx_hal_uart.o
                0x08002588                HAL_UART_IRQHandler
 .text.SysTick_Handler
                0x0800280c       0x18 ./Middlewares/Third_Party/FreeRTOS/Source/CMSIS_RTOS_V2/cmsis_os2.o
                0x0800280c                SysTick_Handler
 .text.osKernelInitialize
                0x08002824       0x24 ./Middlewares/Third_Party/FreeRTOS/Source/CMSIS_RTOS_V2/cmsis_os2.o
                0x08002824                osKernelInitialize
 .text.osKernelStart
                0x08002848       0x38 ./Middlewares/Third_Party/FreeRTOS/Source/CMSIS_RTOS_V2/cmsis_os2.o
                0x08002848                osKernelStart
 .text.osThreadNew
                0x08002880       0xbc ./Middlewares/Third_Party/FreeRTOS/Source/CMSIS_RTOS_V2/cmsis_os2.o
                0x08002880                osThreadNew
 .text.osDelay  0x0800293c       0x1c ./Middlewares/Third_Party/FreeRTOS/Source/CMSIS_RTOS_V2/cmsis_os2.o
                0x0800293c                osDelay
 .text.vApplicationGetIdleTaskMemory
                0x08002958       0x18 ./Middlewares/Third_Party/FreeRTOS/Source/CMSIS_RTOS_V2/cmsis_os2.o
                0x08002958                vApplicationGetIdleTaskMemory
 .text.vApplicationGetTimerTaskMemory
                0x08002970       0x18 ./Middlewares/Third_Party/FreeRTOS/Source/CMSIS_RTOS_V2/cmsis_os2.o
                0x08002970                vApplicationGetTimerTaskMemory
 .text.vListInitialise
                0x08002988       0x16 ./Middlewares/Third_Party/FreeRTOS/Source/list.o
                0x08002988                vListInitialise
 .text.vListInitialiseItem
                0x0800299e        0x6 ./Middlewares/Third_Party/FreeRTOS/Source/list.o
                0x0800299e                vListInitialiseItem
 .text.vListInsertEnd
                0x080029a4       0x16 ./Middlewares/Third_Party/FreeRTOS/Source/list.o
                0x080029a4                vListInsertEnd
 .text.vListInsert
                0x080029ba       0x32 ./Middlewares/Third_Party/FreeRTOS/Source/list.o
                0x080029ba                vListInsert
 .text.uxListRemove
                0x080029ec       0x26 ./Middlewares/Third_Party/FreeRTOS/Source/list.o
                0x080029ec                uxListRemove
 .text.prvIsQueueFull
                0x08002a12       0x1e ./Middlewares/Third_Party/FreeRTOS/Source/queue.o
 .text.prvIsQueueEmpty
                0x08002a30       0x1a ./Middlewares/Third_Party/FreeRTOS/Source/queue.o
 .text.prvCopyDataToQueue
                0x08002a4a       0x76 ./Middlewares/Third_Party/FreeRTOS/Source/queue.o
 .text.prvCopyDataFromQueue
                0x08002ac0       0x24 ./Middlewares/Third_Party/FreeRTOS/Source/queue.o
 .text.prvUnlockQueue
                0x08002ae4       0x6e ./Middlewares/Third_Party/FreeRTOS/Source/queue.o
 .text.xQueueGenericReset
                0x08002b52       0x84 ./Middlewares/Third_Party/FreeRTOS/Source/queue.o
                0x08002b52                xQueueGenericReset
 .text.prvInitialiseNewQueue
                0x08002bd6       0x22 ./Middlewares/Third_Party/FreeRTOS/Source/queue.o
 .text.xQueueGenericCreateStatic
                0x08002bf8       0x94 ./Middlewares/Third_Party/FreeRTOS/Source/queue.o
                0x08002bf8                xQueueGenericCreateStatic
 .text.xQueueGenericSend
                0x08002c8c      0x188 ./Middlewares/Third_Party/FreeRTOS/Source/queue.o
                0x08002c8c                xQueueGenericSend
 .text.xQueueGenericSendFromISR
                0x08002e14       0xce ./Middlewares/Third_Party/FreeRTOS/Source/queue.o
                0x08002e14                xQueueGenericSendFromISR
 .text.xQueueReceive
                0x08002ee2      0x15e ./Middlewares/Third_Party/FreeRTOS/Source/queue.o
                0x08002ee2                xQueueReceive
 .text.vQueueAddToRegistry
                0x08003040       0x28 ./Middlewares/Third_Party/FreeRTOS/Source/queue.o
                0x08003040                vQueueAddToRegistry
 .text.vQueueWaitForMessageRestricted
                0x08003068       0x52 ./Middlewares/Third_Party/FreeRTOS/Source/queue.o
                0x08003068                vQueueWaitForMessageRestricted
 *fill*         0x080030ba        0x2 
 .text.prvResetNextTaskUnblockTime
                0x080030bc       0x2c ./Middlewares/Third_Party/FreeRTOS/Source/tasks.o
 .text.prvInitialiseNewTask
                0x080030e8       0xc4 ./Middlewares/Third_Party/FreeRTOS/Source/tasks.o
 .text.prvInitialiseTaskLists
                0x080031ac       0x68 ./Middlewares/Third_Party/FreeRTOS/Source/tasks.o
 .text.prvAddNewTaskToReadyList
                0x08003214       0xac ./Middlewares/Third_Party/FreeRTOS/Source/tasks.o
 .text.prvDeleteTCB
                0x080032c0       0x40 ./Middlewares/Third_Party/FreeRTOS/Source/tasks.o
 .text.prvCheckTasksWaitingTermination
                0x08003300       0x4c ./Middlewares/Third_Party/FreeRTOS/Source/tasks.o
 .text.prvIdleTask
                0x0800334c       0x28 ./Middlewares/Third_Party/FreeRTOS/Source/tasks.o
 .text.prvAddCurrentTaskToDelayedList
                0x08003374       0x7c ./Middlewares/Third_Party/FreeRTOS/Source/tasks.o
 .text.xTaskCreateStatic
                0x080033f0       0x76 ./Middlewares/Third_Party/FreeRTOS/Source/tasks.o
                0x080033f0                xTaskCreateStatic
 .text.xTaskCreate
                0x08003466       0x64 ./Middlewares/Third_Party/FreeRTOS/Source/tasks.o
                0x08003466                xTaskCreate
 *fill*         0x080034ca        0x2 
 .text.vTaskStartScheduler
                0x080034cc       0xac ./Middlewares/Third_Party/FreeRTOS/Source/tasks.o
                0x080034cc                vTaskStartScheduler
 .text.vTaskSuspendAll
                0x08003578       0x10 ./Middlewares/Third_Party/FreeRTOS/Source/tasks.o
                0x08003578                vTaskSuspendAll
 .text.xTaskGetTickCount
                0x08003588        0xc ./Middlewares/Third_Party/FreeRTOS/Source/tasks.o
                0x08003588                xTaskGetTickCount
 .text.xTaskIncrementTick
                0x08003594      0x118 ./Middlewares/Third_Party/FreeRTOS/Source/tasks.o
                0x08003594                xTaskIncrementTick
 .text.xTaskResumeAll
                0x080036ac       0xf8 ./Middlewares/Third_Party/FreeRTOS/Source/tasks.o
                0x080036ac                xTaskResumeAll
 .text.vTaskDelay
                0x080037a4       0x4c ./Middlewares/Third_Party/FreeRTOS/Source/tasks.o
                0x080037a4                vTaskDelay
 .text.vTaskSwitchContext
                0x080037f0       0xa4 ./Middlewares/Third_Party/FreeRTOS/Source/tasks.o
                0x080037f0                vTaskSwitchContext
 .text.vTaskPlaceOnEventList
                0x08003894       0x30 ./Middlewares/Third_Party/FreeRTOS/Source/tasks.o
                0x08003894                vTaskPlaceOnEventList
 .text.vTaskPlaceOnEventListRestricted
                0x080038c4       0x38 ./Middlewares/Third_Party/FreeRTOS/Source/tasks.o
                0x080038c4                vTaskPlaceOnEventListRestricted
 .text.xTaskRemoveFromEventList
                0x080038fc       0x8c ./Middlewares/Third_Party/FreeRTOS/Source/tasks.o
                0x080038fc                xTaskRemoveFromEventList
 .text.vTaskInternalSetTimeOutState
                0x08003988       0x18 ./Middlewares/Third_Party/FreeRTOS/Source/tasks.o
                0x08003988                vTaskInternalSetTimeOutState
 .text.xTaskCheckForTimeOut
                0x080039a0       0x84 ./Middlewares/Third_Party/FreeRTOS/Source/tasks.o
                0x080039a0                xTaskCheckForTimeOut
 .text.vTaskMissedYield
                0x08003a24        0xc ./Middlewares/Third_Party/FreeRTOS/Source/tasks.o
                0x08003a24                vTaskMissedYield
 .text.xTaskGetSchedulerState
                0x08003a30       0x20 ./Middlewares/Third_Party/FreeRTOS/Source/tasks.o
                0x08003a30                xTaskGetSchedulerState
 .text.xTaskPriorityDisinherit
                0x08003a50       0x90 ./Middlewares/Third_Party/FreeRTOS/Source/tasks.o
                0x08003a50                xTaskPriorityDisinherit
 .text.prvGetNextExpireTime
                0x08003ae0       0x20 ./Middlewares/Third_Party/FreeRTOS/Source/timers.o
 .text.prvInsertTimerInActiveList
                0x08003b00       0x48 ./Middlewares/Third_Party/FreeRTOS/Source/timers.o
 .text.prvCheckForValidListAndQueue
                0x08003b48       0x70 ./Middlewares/Third_Party/FreeRTOS/Source/timers.o
 .text.xTimerCreateTimerTask
                0x08003bb8       0x64 ./Middlewares/Third_Party/FreeRTOS/Source/timers.o
                0x08003bb8                xTimerCreateTimerTask
 .text.xTimerGenericCommand
                0x08003c1c       0x6c ./Middlewares/Third_Party/FreeRTOS/Source/timers.o
                0x08003c1c                xTimerGenericCommand
 .text.prvSwitchTimerLists
                0x08003c88       0x7c ./Middlewares/Third_Party/FreeRTOS/Source/timers.o
 .text.prvSampleTimeNow
                0x08003d04       0x2c ./Middlewares/Third_Party/FreeRTOS/Source/timers.o
 .text.prvProcessExpiredTimer
                0x08003d30       0x6c ./Middlewares/Third_Party/FreeRTOS/Source/timers.o
 .text.prvProcessTimerOrBlockTask
                0x08003d9c       0x74 ./Middlewares/Third_Party/FreeRTOS/Source/timers.o
 .text.prvProcessReceivedCommands
                0x08003e10      0x10c ./Middlewares/Third_Party/FreeRTOS/Source/timers.o
 .text.prvTimerTask
                0x08003f1c       0x16 ./Middlewares/Third_Party/FreeRTOS/Source/timers.o
 *fill*         0x08003f32        0x2 
 .text.prvTaskExitError
                0x08003f34       0x40 ./Middlewares/Third_Party/FreeRTOS/Source/portable/GCC/ARM_CM4F/port.o
 .text.prvPortStartFirstTask
                0x08003f74       0x28 ./Middlewares/Third_Party/FreeRTOS/Source/portable/GCC/ARM_CM4F/port.o
 .text.vPortEnableVFP
                0x08003f9c       0x14 ./Middlewares/Third_Party/FreeRTOS/Source/portable/GCC/ARM_CM4F/port.o
 .text.pxPortInitialiseStack
                0x08003fb0       0x2c ./Middlewares/Third_Party/FreeRTOS/Source/portable/GCC/ARM_CM4F/port.o
                0x08003fb0                pxPortInitialiseStack
 *fill*         0x08003fdc        0x4 
 .text.SVC_Handler
                0x08003fe0       0x24 ./Middlewares/Third_Party/FreeRTOS/Source/portable/GCC/ARM_CM4F/port.o
                0x08003fe0                SVC_Handler
 .text.vPortEnterCritical
                0x08004004       0x44 ./Middlewares/Third_Party/FreeRTOS/Source/portable/GCC/ARM_CM4F/port.o
                0x08004004                vPortEnterCritical
 .text.vPortExitCritical
                0x08004048       0x2c ./Middlewares/Third_Party/FreeRTOS/Source/portable/GCC/ARM_CM4F/port.o
                0x08004048                vPortExitCritical
 *fill*         0x08004074        0xc 
 .text.PendSV_Handler
                0x08004080       0x64 ./Middlewares/Third_Party/FreeRTOS/Source/portable/GCC/ARM_CM4F/port.o
                0x08004080                PendSV_Handler
 .text.xPortSysTickHandler
                0x080040e4       0x2c ./Middlewares/Third_Party/FreeRTOS/Source/portable/GCC/ARM_CM4F/port.o
                0x080040e4                xPortSysTickHandler
 .text.vPortSetupTimerInterrupt
                0x08004110       0x28 ./Middlewares/Third_Party/FreeRTOS/Source/portable/GCC/ARM_CM4F/port.o
                0x08004110                vPortSetupTimerInterrupt
 .text.xPortStartScheduler
                0x08004138      0x118 ./Middlewares/Third_Party/FreeRTOS/Source/portable/GCC/ARM_CM4F/port.o
                0x08004138                xPortStartScheduler
 .text.vPortValidateInterruptPriority
                0x08004250       0x5c ./Middlewares/Third_Party/FreeRTOS/Source/portable/GCC/ARM_CM4F/port.o
                0x08004250                vPortValidateInterruptPriority
 .text.prvHeapInit
                0x080042ac       0x64 ./Middlewares/Third_Party/FreeRTOS/Source/portable/MemMang/heap_4.o
 .text.prvInsertBlockIntoFreeList
                0x08004310       0x64 ./Middlewares/Third_Party/FreeRTOS/Source/portable/MemMang/heap_4.o
 .text.pvPortMalloc
                0x08004374      0x104 ./Middlewares/Third_Party/FreeRTOS/Source/portable/MemMang/heap_4.o
                0x08004374                pvPortMalloc
 .text.vPortFree
                0x08004478       0x7c ./Middlewares/Third_Party/FreeRTOS/Source/portable/MemMang/heap_4.o
                0x08004478                vPortFree
 .text.memset   0x080044f4       0x10 D:/SOFT/STM32CubeIDE_1.16.0/STM32CubeIDE/plugins/com.st.stm32cube.ide.mcu.externaltools.gnu-tools-for-stm32.12.3.rel1.win32_1.0.200.202406191623/tools/bin/../lib/gcc/arm-none-eabi/12.3.1/../../../../arm-none-eabi/lib/thumb/v7e-m+fp/hard\libc_nano.a(libc_a-memset.o)
                0x080044f4                memset
 .text._reclaim_reent
                0x08004504       0xac D:/SOFT/STM32CubeIDE_1.16.0/STM32CubeIDE/plugins/com.st.stm32cube.ide.mcu.externaltools.gnu-tools-for-stm32.12.3.rel1.win32_1.0.200.202406191623/tools/bin/../lib/gcc/arm-none-eabi/12.3.1/../../../../arm-none-eabi/lib/thumb/v7e-m+fp/hard\libc_nano.a(libc_a-reent.o)
                0x08004504                _reclaim_reent
 .text.__libc_init_array
                0x080045b0       0x48 D:/SOFT/STM32CubeIDE_1.16.0/STM32CubeIDE/plugins/com.st.stm32cube.ide.mcu.externaltools.gnu-tools-for-stm32.12.3.rel1.win32_1.0.200.202406191623/tools/bin/../lib/gcc/arm-none-eabi/12.3.1/../../../../arm-none-eabi/lib/thumb/v7e-m+fp/hard\libc_nano.a(libc_a-init.o)
                0x080045b0                __libc_init_array
 .text.__retarget_lock_acquire_recursive
                0x080045f8        0x2 D:/SOFT/STM32CubeIDE_1.16.0/STM32CubeIDE/plugins/com.st.stm32cube.ide.mcu.externaltools.gnu-tools-for-stm32.12.3.rel1.win32_1.0.200.202406191623/tools/bin/../lib/gcc/arm-none-eabi/12.3.1/../../../../arm-none-eabi/lib/thumb/v7e-m+fp/hard\libc_nano.a(libc_a-lock.o)
                0x080045f8                __retarget_lock_acquire_recursive
 .text.__retarget_lock_release_recursive
                0x080045fa        0x2 D:/SOFT/STM32CubeIDE_1.16.0/STM32CubeIDE/plugins/com.st.stm32cube.ide.mcu.externaltools.gnu-tools-for-stm32.12.3.rel1.win32_1.0.200.202406191623/tools/bin/../lib/gcc/arm-none-eabi/12.3.1/../../../../arm-none-eabi/lib/thumb/v7e-m+fp/hard\libc_nano.a(libc_a-lock.o)
                0x080045fa                __retarget_lock_release_recursive
 .text.memcpy   0x080045fc       0x1c D:/SOFT/STM32CubeIDE_1.16.0/STM32CubeIDE/plugins/com.st.stm32cube.ide.mcu.externaltools.gnu-tools-for-stm32.12.3.rel1.win32_1.0.200.202406191623/tools/bin/../lib/gcc/arm-none-eabi/12.3.1/../../../../arm-none-eabi/lib/thumb/v7e-m+fp/hard\libc_nano.a(libc_a-memcpy-stub.o)
                0x080045fc                memcpy
 .text._free_r  0x08004618       0x94 D:/SOFT/STM32CubeIDE_1.16.0/STM32CubeIDE/plugins/com.st.stm32cube.ide.mcu.externaltools.gnu-tools-for-stm32.12.3.rel1.win32_1.0.200.202406191623/tools/bin/../lib/gcc/arm-none-eabi/12.3.1/../../../../arm-none-eabi/lib/thumb/v7e-m+fp/hard\libc_nano.a(libc_a-freer.o)
                0x08004618                _free_r
 .text.__malloc_lock
                0x080046ac        0xc D:/SOFT/STM32CubeIDE_1.16.0/STM32CubeIDE/plugins/com.st.stm32cube.ide.mcu.externaltools.gnu-tools-for-stm32.12.3.rel1.win32_1.0.200.202406191623/tools/bin/../lib/gcc/arm-none-eabi/12.3.1/../../../../arm-none-eabi/lib/thumb/v7e-m+fp/hard\libc_nano.a(libc_a-mlock.o)
                0x080046ac                __malloc_lock
 .text.__malloc_unlock
                0x080046b8        0xc D:/SOFT/STM32CubeIDE_1.16.0/STM32CubeIDE/plugins/com.st.stm32cube.ide.mcu.externaltools.gnu-tools-for-stm32.12.3.rel1.win32_1.0.200.202406191623/tools/bin/../lib/gcc/arm-none-eabi/12.3.1/../../../../arm-none-eabi/lib/thumb/v7e-m+fp/hard\libc_nano.a(libc_a-mlock.o)
                0x080046b8                __malloc_unlock
 *(.glue_7)
 .glue_7        0x080046c4        0x0 linker stubs
 *(.glue_7t)
 .glue_7t       0x080046c4        0x0 linker stubs
 *(.eh_frame)
 .eh_frame      0x080046c4        0x0 D:/SOFT/STM32CubeIDE_1.16.0/STM32CubeIDE/plugins/com.st.stm32cube.ide.mcu.externaltools.gnu-tools-for-stm32.12.3.rel1.win32_1.0.200.202406191623/tools/bin/../lib/gcc/arm-none-eabi/12.3.1/thumb/v7e-m+fp/hard/crtbegin.o
 *(.init)
 .init          0x080046c4        0x4 D:/SOFT/STM32CubeIDE_1.16.0/STM32CubeIDE/plugins/com.st.stm32cube.ide.mcu.externaltools.gnu-tools-for-stm32.12.3.rel1.win32_1.0.200.202406191623/tools/bin/../lib/gcc/arm-none-eabi/12.3.1/thumb/v7e-m+fp/hard/crti.o
                0x080046c4                _init
 .init          0x080046c8        0x8 D:/SOFT/STM32CubeIDE_1.16.0/STM32CubeIDE/plugins/com.st.stm32cube.ide.mcu.externaltools.gnu-tools-for-stm32.12.3.rel1.win32_1.0.200.202406191623/tools/bin/../lib/gcc/arm-none-eabi/12.3.1/thumb/v7e-m+fp/hard/crtn.o
 *(.fini)
 .fini          0x080046d0        0x4 D:/SOFT/STM32CubeIDE_1.16.0/STM32CubeIDE/plugins/com.st.stm32cube.ide.mcu.externaltools.gnu-tools-for-stm32.12.3.rel1.win32_1.0.200.202406191623/tools/bin/../lib/gcc/arm-none-eabi/12.3.1/thumb/v7e-m+fp/hard/crti.o
                0x080046d0                _fini
 .fini          0x080046d4        0x8 D:/SOFT/STM32CubeIDE_1.16.0/STM32CubeIDE/plugins/com.st.stm32cube.ide.mcu.externaltools.gnu-tools-for-stm32.12.3.rel1.win32_1.0.200.202406191623/tools/bin/../lib/gcc/arm-none-eabi/12.3.1/thumb/v7e-m+fp/hard/crtn.o
                0x080046dc                        . = ALIGN (0x4)
                0x080046dc                        _etext = .

.vfp11_veneer   0x080046dc        0x0
 .vfp11_veneer  0x080046dc        0x0 linker stubs

.v4_bx          0x080046dc        0x0
 .v4_bx         0x080046dc        0x0 linker stubs

.iplt           0x080046dc        0x0
 .iplt          0x080046dc        0x0 D:/SOFT/STM32CubeIDE_1.16.0/STM32CubeIDE/plugins/com.st.stm32cube.ide.mcu.externaltools.gnu-tools-for-stm32.12.3.rel1.win32_1.0.200.202406191623/tools/bin/../lib/gcc/arm-none-eabi/12.3.1/thumb/v7e-m+fp/hard/crtbegin.o

.rodata         0x080046dc       0x8c
                0x080046dc                        . = ALIGN (0x4)
 *(.rodata)
 *(.rodata*)
 .rodata.str1.4
                0x080046dc       0x14 ./Core/Src/freertos.o
 .rodata.LedTask_attributes
                0x080046f0       0x24 ./Core/Src/freertos.o
                0x080046f0                LedTask_attributes
 .rodata.defaultTask_attributes
                0x08004714       0x24 ./Core/Src/freertos.o
                0x08004714                defaultTask_attributes
 .rodata.APBPrescTable
                0x08004738        0x8 ./Core/Src/system_stm32f4xx.o
                0x08004738                APBPrescTable
 .rodata.AHBPrescTable
                0x08004740       0x10 ./Core/Src/system_stm32f4xx.o
                0x08004740                AHBPrescTable
 .rodata.vTaskStartScheduler.str1.4
                0x08004750        0x5 ./Middlewares/Third_Party/FreeRTOS/Source/tasks.o
 *fill*         0x08004755        0x3 
 .rodata.prvCheckForValidListAndQueue.str1.4
                0x08004758        0x5 ./Middlewares/Third_Party/FreeRTOS/Source/timers.o
 *fill*         0x0800475d        0x3 
 .rodata.xTimerCreateTimerTask.str1.4
                0x08004760        0x8 ./Middlewares/Third_Party/FreeRTOS/Source/timers.o
                0x08004768                        . = ALIGN (0x4)

.ARM.extab      0x08004768        0x0
                0x08004768                        . = ALIGN (0x4)
 *(.ARM.extab* .gnu.linkonce.armextab.*)
                0x08004768                        . = ALIGN (0x4)

.ARM            0x08004768        0x8
                0x08004768                        . = ALIGN (0x4)
                0x08004768                        __exidx_start = .
 *(.ARM.exidx*)
 .ARM.exidx     0x08004768        0x8 D:/SOFT/STM32CubeIDE_1.16.0/STM32CubeIDE/plugins/com.st.stm32cube.ide.mcu.externaltools.gnu-tools-for-stm32.12.3.rel1.win32_1.0.200.202406191623/tools/bin/../lib/gcc/arm-none-eabi/12.3.1/thumb/v7e-m+fp/hard\libgcc.a(_udivmoddi4.o)
                0x08004770                        __exidx_end = .
                0x08004770                        . = ALIGN (0x4)

.preinit_array  0x08004770        0x0
                0x08004770                        . = ALIGN (0x4)
                0x08004770                        PROVIDE (__preinit_array_start = .)
 *(.preinit_array*)
                0x08004770                        PROVIDE (__preinit_array_end = .)
                0x08004770                        . = ALIGN (0x4)

.init_array     0x08004770        0x4
                0x08004770                        . = ALIGN (0x4)
                0x08004770                        PROVIDE (__init_array_start = .)
 *(SORT_BY_NAME(.init_array.*))
 *(.init_array*)
 .init_array    0x08004770        0x4 D:/SOFT/STM32CubeIDE_1.16.0/STM32CubeIDE/plugins/com.st.stm32cube.ide.mcu.externaltools.gnu-tools-for-stm32.12.3.rel1.win32_1.0.200.202406191623/tools/bin/../lib/gcc/arm-none-eabi/12.3.1/thumb/v7e-m+fp/hard/crtbegin.o
                0x08004774                        PROVIDE (__init_array_end = .)
                0x08004774                        . = ALIGN (0x4)

.fini_array     0x08004774        0x4
                0x08004774                        . = ALIGN (0x4)
                [!provide]                        PROVIDE (__fini_array_start = .)
 *(SORT_BY_NAME(.fini_array.*))
 *(.fini_array*)
 .fini_array    0x08004774        0x4 D:/SOFT/STM32CubeIDE_1.16.0/STM32CubeIDE/plugins/com.st.stm32cube.ide.mcu.externaltools.gnu-tools-for-stm32.12.3.rel1.win32_1.0.200.202406191623/tools/bin/../lib/gcc/arm-none-eabi/12.3.1/thumb/v7e-m+fp/hard/crtbegin.o
                [!provide]                        PROVIDE (__fini_array_end = .)
                0x08004778                        . = ALIGN (0x4)
                0x08004778                        _sidata = LOADADDR (.data)

.rel.dyn        0x08004778        0x0
 .rel.iplt      0x08004778        0x0 D:/SOFT/STM32CubeIDE_1.16.0/STM32CubeIDE/plugins/com.st.stm32cube.ide.mcu.externaltools.gnu-tools-for-stm32.12.3.rel1.win32_1.0.200.202406191623/tools/bin/../lib/gcc/arm-none-eabi/12.3.1/thumb/v7e-m+fp/hard/crtbegin.o

.data           0x20000000       0x60 load address 0x08004778
                0x20000000                        . = ALIGN (0x4)
                0x20000000                        _sdata = .
 *(.data)
 *(.data*)
 .data.SystemCoreClock
                0x20000000        0x4 ./Core/Src/system_stm32f4xx.o
                0x20000000                SystemCoreClock
 .data.uwTickFreq
                0x20000004        0x1 ./Drivers/STM32F4xx_HAL_Driver/Src/stm32f4xx_hal.o
                0x20000004                uwTickFreq
 *fill*         0x20000005        0x3 
 .data.uwTickPrio
                0x20000008        0x4 ./Drivers/STM32F4xx_HAL_Driver/Src/stm32f4xx_hal.o
                0x20000008                uwTickPrio
 .data.uxCriticalNesting
                0x2000000c        0x4 ./Middlewares/Third_Party/FreeRTOS/Source/portable/GCC/ARM_CM4F/port.o
 .data._impure_ptr
                0x20000010        0x4 D:/SOFT/STM32CubeIDE_1.16.0/STM32CubeIDE/plugins/com.st.stm32cube.ide.mcu.externaltools.gnu-tools-for-stm32.12.3.rel1.win32_1.0.200.202406191623/tools/bin/../lib/gcc/arm-none-eabi/12.3.1/../../../../arm-none-eabi/lib/thumb/v7e-m+fp/hard\libc_nano.a(libc_a-impure.o)
                0x20000010                _impure_ptr
 .data._impure_data
                0x20000014       0x4c D:/SOFT/STM32CubeIDE_1.16.0/STM32CubeIDE/plugins/com.st.stm32cube.ide.mcu.externaltools.gnu-tools-for-stm32.12.3.rel1.win32_1.0.200.202406191623/tools/bin/../lib/gcc/arm-none-eabi/12.3.1/../../../../arm-none-eabi/lib/thumb/v7e-m+fp/hard\libc_nano.a(libc_a-impure.o)
                0x20000014                _impure_data
 *(.RamFunc)
 *(.RamFunc*)
                0x20000060                        . = ALIGN (0x4)
                0x20000060                        _edata = .

.igot.plt       0x20000060        0x0 load address 0x080047d8
 .igot.plt      0x20000060        0x0 D:/SOFT/STM32CubeIDE_1.16.0/STM32CubeIDE/plugins/com.st.stm32cube.ide.mcu.externaltools.gnu-tools-for-stm32.12.3.rel1.win32_1.0.200.202406191623/tools/bin/../lib/gcc/arm-none-eabi/12.3.1/thumb/v7e-m+fp/hard/crtbegin.o
                0x20000060                        . = ALIGN (0x4)

.bss            0x20000060     0x4c8c load address 0x080047d8
                0x20000060                        _sbss = .
                0x20000060                        __bss_start__ = _sbss
 *(.bss)
 .bss           0x20000060       0x1c D:/SOFT/STM32CubeIDE_1.16.0/STM32CubeIDE/plugins/com.st.stm32cube.ide.mcu.externaltools.gnu-tools-for-stm32.12.3.rel1.win32_1.0.200.202406191623/tools/bin/../lib/gcc/arm-none-eabi/12.3.1/thumb/v7e-m+fp/hard/crtbegin.o
 *(.bss*)
 .bss.LedTaskHandle
                0x2000007c        0x4 ./Core/Src/freertos.o
                0x2000007c                LedTaskHandle
 .bss.defaultTaskHandle
                0x20000080        0x4 ./Core/Src/freertos.o
                0x20000080                defaultTaskHandle
 .bss.Vdec      0x20000084        0x4 ./Core/Src/freertos.o
                0x20000084                Vdec
 .bss.Vinc      0x20000088        0x4 ./Core/Src/freertos.o
                0x20000088                Vinc
 .bss.Vmin      0x2000008c        0x4 ./Core/Src/freertos.o
                0x2000008c                Vmin
 .bss.B         0x20000090        0x1 ./Core/Src/freertos.o
                0x20000090                B
 .bss.G         0x20000091        0x1 ./Core/Src/freertos.o
                0x20000091                G
 .bss.R         0x20000092        0x1 ./Core/Src/freertos.o
                0x20000092                R
 .bss.a         0x20000093        0x1 ./Core/Src/freertos.o
                0x20000093                a
 .bss.Hi        0x20000094        0x1 ./Core/Src/freertos.o
                0x20000094                Hi
 .bss.V         0x20000095        0x1 ./Core/Src/freertos.o
                0x20000095                V
 .bss.S         0x20000096        0x1 ./Core/Src/freertos.o
                0x20000096                S
 .bss.H         0x20000097        0x1 ./Core/Src/freertos.o
                0x20000097                H
 .bss.znach     0x20000098        0x2 ./Core/Src/freertos.o
                0x20000098                znach
 .bss.i         0x2000009a        0x1 ./Core/Src/freertos.o
                0x2000009a                i
 *fill*         0x2000009b        0x1 
 .bss.byteArr   0x2000009c        0x3 ./Core/Src/freertos.o
                0x2000009c                byteArr
 .bss.numByte   0x2000009f        0x1 ./Core/Src/freertos.o
                0x2000009f                numByte
 .bss.htim10    0x200000a0       0x48 ./Core/Src/stm32f4xx_hal_timebase_tim.o
                0x200000a0                htim10
 .bss.htim3     0x200000e8       0x48 ./Core/Src/tim.o
                0x200000e8                htim3
 .bss.htim1     0x20000130       0x48 ./Core/Src/tim.o
                0x20000130                htim1
 .bss.huart1    0x20000178       0x48 ./Core/Src/usart.o
                0x20000178                huart1
 .bss.uwTick    0x200001c0        0x4 ./Drivers/STM32F4xx_HAL_Driver/Src/stm32f4xx_hal.o
                0x200001c0                uwTick
 .bss.Timer_Stack.0
                0x200001c4      0x400 ./Middlewares/Third_Party/FreeRTOS/Source/CMSIS_RTOS_V2/cmsis_os2.o
 .bss.Timer_TCB.1
                0x200005c4       0xa8 ./Middlewares/Third_Party/FreeRTOS/Source/CMSIS_RTOS_V2/cmsis_os2.o
 .bss.Idle_Stack.2
                0x2000066c      0x200 ./Middlewares/Third_Party/FreeRTOS/Source/CMSIS_RTOS_V2/cmsis_os2.o
 .bss.Idle_TCB.3
                0x2000086c       0xa8 ./Middlewares/Third_Party/FreeRTOS/Source/CMSIS_RTOS_V2/cmsis_os2.o
 .bss.KernelState
                0x20000914        0x4 ./Middlewares/Third_Party/FreeRTOS/Source/CMSIS_RTOS_V2/cmsis_os2.o
 .bss.xQueueRegistry
                0x20000918       0x40 ./Middlewares/Third_Party/FreeRTOS/Source/queue.o
                0x20000918                xQueueRegistry
 .bss.uxSchedulerSuspended
                0x20000958        0x4 ./Middlewares/Third_Party/FreeRTOS/Source/tasks.o
 .bss.xIdleTaskHandle
                0x2000095c        0x4 ./Middlewares/Third_Party/FreeRTOS/Source/tasks.o
 .bss.xNextTaskUnblockTime
                0x20000960        0x4 ./Middlewares/Third_Party/FreeRTOS/Source/tasks.o
 .bss.uxTaskNumber
                0x20000964        0x4 ./Middlewares/Third_Party/FreeRTOS/Source/tasks.o
 .bss.xNumOfOverflows
                0x20000968        0x4 ./Middlewares/Third_Party/FreeRTOS/Source/tasks.o
 .bss.xYieldPending
                0x2000096c        0x4 ./Middlewares/Third_Party/FreeRTOS/Source/tasks.o
 .bss.xPendedTicks
                0x20000970        0x4 ./Middlewares/Third_Party/FreeRTOS/Source/tasks.o
 .bss.xSchedulerRunning
                0x20000974        0x4 ./Middlewares/Third_Party/FreeRTOS/Source/tasks.o
 .bss.uxTopReadyPriority
                0x20000978        0x4 ./Middlewares/Third_Party/FreeRTOS/Source/tasks.o
 .bss.xTickCount
                0x2000097c        0x4 ./Middlewares/Third_Party/FreeRTOS/Source/tasks.o
 .bss.uxCurrentNumberOfTasks
                0x20000980        0x4 ./Middlewares/Third_Party/FreeRTOS/Source/tasks.o
 .bss.xSuspendedTaskList
                0x20000984       0x14 ./Middlewares/Third_Party/FreeRTOS/Source/tasks.o
 .bss.uxDeletedTasksWaitingCleanUp
                0x20000998        0x4 ./Middlewares/Third_Party/FreeRTOS/Source/tasks.o
 .bss.xTasksWaitingTermination
                0x2000099c       0x14 ./Middlewares/Third_Party/FreeRTOS/Source/tasks.o
 .bss.xPendingReadyList
                0x200009b0       0x14 ./Middlewares/Third_Party/FreeRTOS/Source/tasks.o
 .bss.pxOverflowDelayedTaskList
                0x200009c4        0x4 ./Middlewares/Third_Party/FreeRTOS/Source/tasks.o
 .bss.pxDelayedTaskList
                0x200009c8        0x4 ./Middlewares/Third_Party/FreeRTOS/Source/tasks.o
 .bss.xDelayedTaskList2
                0x200009cc       0x14 ./Middlewares/Third_Party/FreeRTOS/Source/tasks.o
 .bss.xDelayedTaskList1
                0x200009e0       0x14 ./Middlewares/Third_Party/FreeRTOS/Source/tasks.o
 .bss.pxReadyTasksLists
                0x200009f4      0x460 ./Middlewares/Third_Party/FreeRTOS/Source/tasks.o
 .bss.pxCurrentTCB
                0x20000e54        0x4 ./Middlewares/Third_Party/FreeRTOS/Source/tasks.o
                0x20000e54                pxCurrentTCB
 .bss.xStaticTimerQueue.0
                0x20000e58       0x50 ./Middlewares/Third_Party/FreeRTOS/Source/timers.o
 .bss.ucStaticTimerQueueStorage.1
                0x20000ea8       0xa0 ./Middlewares/Third_Party/FreeRTOS/Source/timers.o
 .bss.xLastTime.2
                0x20000f48        0x4 ./Middlewares/Third_Party/FreeRTOS/Source/timers.o
 .bss.xTimerTaskHandle
                0x20000f4c        0x4 ./Middlewares/Third_Party/FreeRTOS/Source/timers.o
 .bss.xTimerQueue
                0x20000f50        0x4 ./Middlewares/Third_Party/FreeRTOS/Source/timers.o
 .bss.pxOverflowTimerList
                0x20000f54        0x4 ./Middlewares/Third_Party/FreeRTOS/Source/timers.o
 .bss.pxCurrentTimerList
                0x20000f58        0x4 ./Middlewares/Third_Party/FreeRTOS/Source/timers.o
 .bss.xActiveTimerList2
                0x20000f5c       0x14 ./Middlewares/Third_Party/FreeRTOS/Source/timers.o
 .bss.xActiveTimerList1
                0x20000f70       0x14 ./Middlewares/Third_Party/FreeRTOS/Source/timers.o
 .bss.ulMaxPRIGROUPValue
                0x20000f84        0x4 ./Middlewares/Third_Party/FreeRTOS/Source/portable/GCC/ARM_CM4F/port.o
 .bss.ucMaxSysCallPriority
                0x20000f88        0x1 ./Middlewares/Third_Party/FreeRTOS/Source/portable/GCC/ARM_CM4F/port.o
 *fill*         0x20000f89        0x3 
 .bss.xBlockAllocatedBit
                0x20000f8c        0x4 ./Middlewares/Third_Party/FreeRTOS/Source/portable/MemMang/heap_4.o
 .bss.xNumberOfSuccessfulFrees
                0x20000f90        0x4 ./Middlewares/Third_Party/FreeRTOS/Source/portable/MemMang/heap_4.o
 .bss.xNumberOfSuccessfulAllocations
                0x20000f94        0x4 ./Middlewares/Third_Party/FreeRTOS/Source/portable/MemMang/heap_4.o
 .bss.xMinimumEverFreeBytesRemaining
                0x20000f98        0x4 ./Middlewares/Third_Party/FreeRTOS/Source/portable/MemMang/heap_4.o
 .bss.xFreeBytesRemaining
                0x20000f9c        0x4 ./Middlewares/Third_Party/FreeRTOS/Source/portable/MemMang/heap_4.o
 .bss.pxEnd     0x20000fa0        0x4 ./Middlewares/Third_Party/FreeRTOS/Source/portable/MemMang/heap_4.o
 .bss.xStart    0x20000fa4        0x8 ./Middlewares/Third_Party/FreeRTOS/Source/portable/MemMang/heap_4.o
 .bss.ucHeap    0x20000fac     0x3c00 ./Middlewares/Third_Party/FreeRTOS/Source/portable/MemMang/heap_4.o
 .bss.__sf      0x20004bac      0x138 D:/SOFT/STM32CubeIDE_1.16.0/STM32CubeIDE/plugins/com.st.stm32cube.ide.mcu.externaltools.gnu-tools-for-stm32.12.3.rel1.win32_1.0.200.202406191623/tools/bin/../lib/gcc/arm-none-eabi/12.3.1/../../../../arm-none-eabi/lib/thumb/v7e-m+fp/hard\libc_nano.a(libc_a-findfp.o)
                0x20004bac                __sf
 .bss.__lock___malloc_recursive_mutex
                0x20004ce4        0x1 D:/SOFT/STM32CubeIDE_1.16.0/STM32CubeIDE/plugins/com.st.stm32cube.ide.mcu.externaltools.gnu-tools-for-stm32.12.3.rel1.win32_1.0.200.202406191623/tools/bin/../lib/gcc/arm-none-eabi/12.3.1/../../../../arm-none-eabi/lib/thumb/v7e-m+fp/hard\libc_nano.a(libc_a-lock.o)
                0x20004ce4                __lock___malloc_recursive_mutex
 *fill*         0x20004ce5        0x3 
 .bss.__malloc_free_list
                0x20004ce8        0x4 D:/SOFT/STM32CubeIDE_1.16.0/STM32CubeIDE/plugins/com.st.stm32cube.ide.mcu.externaltools.gnu-tools-for-stm32.12.3.rel1.win32_1.0.200.202406191623/tools/bin/../lib/gcc/arm-none-eabi/12.3.1/../../../../arm-none-eabi/lib/thumb/v7e-m+fp/hard\libc_nano.a(libc_a-mallocr.o)
                0x20004ce8                __malloc_free_list
 *(COMMON)
                0x20004cec                        . = ALIGN (0x4)
                0x20004cec                        _ebss = .
                0x20004cec                        __bss_end__ = _ebss

._user_heap_stack
                0x20004cec      0x604 load address 0x080047d8
                0x20004cf0                        . = ALIGN (0x8)
 *fill*         0x20004cec        0x4 
                [!provide]                        PROVIDE (end = .)
                0x20004cf0                        PROVIDE (_end = .)
                0x20004ef0                        . = (. + _Min_Heap_Size)
 *fill*         0x20004cf0      0x200 
                0x200052f0                        . = (. + _Min_Stack_Size)
 *fill*         0x20004ef0      0x400 
                0x200052f0                        . = ALIGN (0x8)

/DISCARD/
 libc.a(*)
 libm.a(*)
 libgcc.a(*)

.ARM.attributes
                0x00000000       0x30
 *(.ARM.attributes)
 .ARM.attributes
                0x00000000       0x22 D:/SOFT/STM32CubeIDE_1.16.0/STM32CubeIDE/plugins/com.st.stm32cube.ide.mcu.externaltools.gnu-tools-for-stm32.12.3.rel1.win32_1.0.200.202406191623/tools/bin/../lib/gcc/arm-none-eabi/12.3.1/thumb/v7e-m+fp/hard/crti.o
 .ARM.attributes
                0x00000022       0x34 D:/SOFT/STM32CubeIDE_1.16.0/STM32CubeIDE/plugins/com.st.stm32cube.ide.mcu.externaltools.gnu-tools-for-stm32.12.3.rel1.win32_1.0.200.202406191623/tools/bin/../lib/gcc/arm-none-eabi/12.3.1/thumb/v7e-m+fp/hard/crtbegin.o
 .ARM.attributes
                0x00000056       0x34 ./Core/Src/freertos.o
 .ARM.attributes
                0x0000008a       0x34 ./Core/Src/gpio.o
 .ARM.attributes
                0x000000be       0x34 ./Core/Src/main.o
 .ARM.attributes
                0x000000f2       0x34 ./Core/Src/stm32f4xx_hal_msp.o
 .ARM.attributes
                0x00000126       0x34 ./Core/Src/stm32f4xx_hal_timebase_tim.o
 .ARM.attributes
                0x0000015a       0x34 ./Core/Src/stm32f4xx_it.o
 .ARM.attributes
                0x0000018e       0x34 ./Core/Src/system_stm32f4xx.o
 .ARM.attributes
                0x000001c2       0x34 ./Core/Src/tim.o
 .ARM.attributes
                0x000001f6       0x34 ./Core/Src/usart.o
 .ARM.attributes
                0x0000022a       0x21 ./Core/Startup/startup_stm32f401retx.o
 .ARM.attributes
                0x0000024b       0x34 ./Drivers/STM32F4xx_HAL_Driver/Src/stm32f4xx_hal.o
 .ARM.attributes
                0x0000027f       0x34 ./Drivers/STM32F4xx_HAL_Driver/Src/stm32f4xx_hal_cortex.o
 .ARM.attributes
                0x000002b3       0x34 ./Drivers/STM32F4xx_HAL_Driver/Src/stm32f4xx_hal_dma.o
 .ARM.attributes
                0x000002e7       0x34 ./Drivers/STM32F4xx_HAL_Driver/Src/stm32f4xx_hal_gpio.o
 .ARM.attributes
                0x0000031b       0x34 ./Drivers/STM32F4xx_HAL_Driver/Src/stm32f4xx_hal_rcc.o
 .ARM.attributes
                0x0000034f       0x34 ./Drivers/STM32F4xx_HAL_Driver/Src/stm32f4xx_hal_tim.o
 .ARM.attributes
                0x00000383       0x34 ./Drivers/STM32F4xx_HAL_Driver/Src/stm32f4xx_hal_tim_ex.o
 .ARM.attributes
                0x000003b7       0x34 ./Drivers/STM32F4xx_HAL_Driver/Src/stm32f4xx_hal_uart.o
 .ARM.attributes
                0x000003eb       0x34 ./Middlewares/Third_Party/FreeRTOS/Source/CMSIS_RTOS_V2/cmsis_os2.o
 .ARM.attributes
                0x0000041f       0x34 ./Middlewares/Third_Party/FreeRTOS/Source/list.o
 .ARM.attributes
                0x00000453       0x34 ./Middlewares/Third_Party/FreeRTOS/Source/queue.o
 .ARM.attributes
                0x00000487       0x34 ./Middlewares/Third_Party/FreeRTOS/Source/tasks.o
 .ARM.attributes
                0x000004bb       0x34 ./Middlewares/Third_Party/FreeRTOS/Source/timers.o
 .ARM.attributes
                0x000004ef       0x34 ./Middlewares/Third_Party/FreeRTOS/Source/portable/GCC/ARM_CM4F/port.o
 .ARM.attributes
                0x00000523       0x34 ./Middlewares/Third_Party/FreeRTOS/Source/portable/MemMang/heap_4.o
 .ARM.attributes
                0x00000557       0x34 D:/SOFT/STM32CubeIDE_1.16.0/STM32CubeIDE/plugins/com.st.stm32cube.ide.mcu.externaltools.gnu-tools-for-stm32.12.3.rel1.win32_1.0.200.202406191623/tools/bin/../lib/gcc/arm-none-eabi/12.3.1/../../../../arm-none-eabi/lib/thumb/v7e-m+fp/hard\libc_nano.a(libc_a-findfp.o)
 .ARM.attributes
                0x0000058b       0x34 D:/SOFT/STM32CubeIDE_1.16.0/STM32CubeIDE/plugins/com.st.stm32cube.ide.mcu.externaltools.gnu-tools-for-stm32.12.3.rel1.win32_1.0.200.202406191623/tools/bin/../lib/gcc/arm-none-eabi/12.3.1/../../../../arm-none-eabi/lib/thumb/v7e-m+fp/hard\libc_nano.a(libc_a-memset.o)
 .ARM.attributes
                0x000005bf       0x34 D:/SOFT/STM32CubeIDE_1.16.0/STM32CubeIDE/plugins/com.st.stm32cube.ide.mcu.externaltools.gnu-tools-for-stm32.12.3.rel1.win32_1.0.200.202406191623/tools/bin/../lib/gcc/arm-none-eabi/12.3.1/../../../../arm-none-eabi/lib/thumb/v7e-m+fp/hard\libc_nano.a(libc_a-reent.o)
 .ARM.attributes
                0x000005f3       0x34 D:/SOFT/STM32CubeIDE_1.16.0/STM32CubeIDE/plugins/com.st.stm32cube.ide.mcu.externaltools.gnu-tools-for-stm32.12.3.rel1.win32_1.0.200.202406191623/tools/bin/../lib/gcc/arm-none-eabi/12.3.1/../../../../arm-none-eabi/lib/thumb/v7e-m+fp/hard\libc_nano.a(libc_a-impure.o)
 .ARM.attributes
                0x00000627       0x34 D:/SOFT/STM32CubeIDE_1.16.0/STM32CubeIDE/plugins/com.st.stm32cube.ide.mcu.externaltools.gnu-tools-for-stm32.12.3.rel1.win32_1.0.200.202406191623/tools/bin/../lib/gcc/arm-none-eabi/12.3.1/../../../../arm-none-eabi/lib/thumb/v7e-m+fp/hard\libc_nano.a(libc_a-init.o)
 .ARM.attributes
                0x0000065b       0x34 D:/SOFT/STM32CubeIDE_1.16.0/STM32CubeIDE/plugins/com.st.stm32cube.ide.mcu.externaltools.gnu-tools-for-stm32.12.3.rel1.win32_1.0.200.202406191623/tools/bin/../lib/gcc/arm-none-eabi/12.3.1/../../../../arm-none-eabi/lib/thumb/v7e-m+fp/hard\libc_nano.a(libc_a-lock.o)
 .ARM.attributes
                0x0000068f       0x34 D:/SOFT/STM32CubeIDE_1.16.0/STM32CubeIDE/plugins/com.st.stm32cube.ide.mcu.externaltools.gnu-tools-for-stm32.12.3.rel1.win32_1.0.200.202406191623/tools/bin/../lib/gcc/arm-none-eabi/12.3.1/../../../../arm-none-eabi/lib/thumb/v7e-m+fp/hard\libc_nano.a(libc_a-memcpy-stub.o)
 .ARM.attributes
                0x000006c3       0x34 D:/SOFT/STM32CubeIDE_1.16.0/STM32CubeIDE/plugins/com.st.stm32cube.ide.mcu.externaltools.gnu-tools-for-stm32.12.3.rel1.win32_1.0.200.202406191623/tools/bin/../lib/gcc/arm-none-eabi/12.3.1/../../../../arm-none-eabi/lib/thumb/v7e-m+fp/hard\libc_nano.a(libc_a-freer.o)
 .ARM.attributes
                0x000006f7       0x34 D:/SOFT/STM32CubeIDE_1.16.0/STM32CubeIDE/plugins/com.st.stm32cube.ide.mcu.externaltools.gnu-tools-for-stm32.12.3.rel1.win32_1.0.200.202406191623/tools/bin/../lib/gcc/arm-none-eabi/12.3.1/../../../../arm-none-eabi/lib/thumb/v7e-m+fp/hard\libc_nano.a(libc_a-mallocr.o)
 .ARM.attributes
                0x0000072b       0x34 D:/SOFT/STM32CubeIDE_1.16.0/STM32CubeIDE/plugins/com.st.stm32cube.ide.mcu.externaltools.gnu-tools-for-stm32.12.3.rel1.win32_1.0.200.202406191623/tools/bin/../lib/gcc/arm-none-eabi/12.3.1/../../../../arm-none-eabi/lib/thumb/v7e-m+fp/hard\libc_nano.a(libc_a-mlock.o)
 .ARM.attributes
                0x0000075f       0x22 D:/SOFT/STM32CubeIDE_1.16.0/STM32CubeIDE/plugins/com.st.stm32cube.ide.mcu.externaltools.gnu-tools-for-stm32.12.3.rel1.win32_1.0.200.202406191623/tools/bin/../lib/gcc/arm-none-eabi/12.3.1/thumb/v7e-m+fp/hard\libgcc.a(_aeabi_uldivmod.o)
 .ARM.attributes
                0x00000781       0x34 D:/SOFT/STM32CubeIDE_1.16.0/STM32CubeIDE/plugins/com.st.stm32cube.ide.mcu.externaltools.gnu-tools-for-stm32.12.3.rel1.win32_1.0.200.202406191623/tools/bin/../lib/gcc/arm-none-eabi/12.3.1/thumb/v7e-m+fp/hard\libgcc.a(_udivmoddi4.o)
 .ARM.attributes
                0x000007b5       0x22 D:/SOFT/STM32CubeIDE_1.16.0/STM32CubeIDE/plugins/com.st.stm32cube.ide.mcu.externaltools.gnu-tools-for-stm32.12.3.rel1.win32_1.0.200.202406191623/tools/bin/../lib/gcc/arm-none-eabi/12.3.1/thumb/v7e-m+fp/hard\libgcc.a(_dvmd_tls.o)
 .ARM.attributes
                0x000007d7       0x22 D:/SOFT/STM32CubeIDE_1.16.0/STM32CubeIDE/plugins/com.st.stm32cube.ide.mcu.externaltools.gnu-tools-for-stm32.12.3.rel1.win32_1.0.200.202406191623/tools/bin/../lib/gcc/arm-none-eabi/12.3.1/thumb/v7e-m+fp/hard/crtn.o
OUTPUT(prer.elf elf32-littlearm)
LOAD linker stubs
LOAD D:/SOFT/STM32CubeIDE_1.16.0/STM32CubeIDE/plugins/com.st.stm32cube.ide.mcu.externaltools.gnu-tools-for-stm32.12.3.rel1.win32_1.0.200.202406191623/tools/bin/../lib/gcc/arm-none-eabi/12.3.1/../../../../arm-none-eabi/lib/thumb/v7e-m+fp/hard\libc.a
LOAD D:/SOFT/STM32CubeIDE_1.16.0/STM32CubeIDE/plugins/com.st.stm32cube.ide.mcu.externaltools.gnu-tools-for-stm32.12.3.rel1.win32_1.0.200.202406191623/tools/bin/../lib/gcc/arm-none-eabi/12.3.1/../../../../arm-none-eabi/lib/thumb/v7e-m+fp/hard\libm.a
LOAD D:/SOFT/STM32CubeIDE_1.16.0/STM32CubeIDE/plugins/com.st.stm32cube.ide.mcu.externaltools.gnu-tools-for-stm32.12.3.rel1.win32_1.0.200.202406191623/tools/bin/../lib/gcc/arm-none-eabi/12.3.1/thumb/v7e-m+fp/hard\libgcc.a

.debug_info     0x00000000    0x209af
 .debug_info    0x00000000      0xe4f ./Core/Src/freertos.o
 .debug_info    0x00000e4f      0x4bc ./Core/Src/gpio.o
 .debug_info    0x0000130b      0xd1f ./Core/Src/main.o
 .debug_info    0x0000202a      0x467 ./Core/Src/stm32f4xx_hal_msp.o
 .debug_info    0x00002491      0xc02 ./Core/Src/stm32f4xx_hal_timebase_tim.o
 .debug_info    0x00003093      0x9a5 ./Core/Src/stm32f4xx_it.o
 .debug_info    0x00003a38      0x557 ./Core/Src/system_stm32f4xx.o
 .debug_info    0x00003f8f     0x10bf ./Core/Src/tim.o
 .debug_info    0x0000504e      0xbd1 ./Core/Src/usart.o
 .debug_info    0x00005c1f       0x30 ./Core/Startup/startup_stm32f401retx.o
 .debug_info    0x00005c4f      0x95d ./Drivers/STM32F4xx_HAL_Driver/Src/stm32f4xx_hal.o
 .debug_info    0x000065ac      0xef6 ./Drivers/STM32F4xx_HAL_Driver/Src/stm32f4xx_hal_cortex.o
 .debug_info    0x000074a2      0xadc ./Drivers/STM32F4xx_HAL_Driver/Src/stm32f4xx_hal_dma.o
 .debug_info    0x00007f7e      0x73e ./Drivers/STM32F4xx_HAL_Driver/Src/stm32f4xx_hal_gpio.o
 .debug_info    0x000086bc      0xab5 ./Drivers/STM32F4xx_HAL_Driver/Src/stm32f4xx_hal_rcc.o
 .debug_info    0x00009171     0x3bdd ./Drivers/STM32F4xx_HAL_Driver/Src/stm32f4xx_hal_tim.o
 .debug_info    0x0000cd4e     0x1ac5 ./Drivers/STM32F4xx_HAL_Driver/Src/stm32f4xx_hal_tim_ex.o
 .debug_info    0x0000e813     0x3fda ./Drivers/STM32F4xx_HAL_Driver/Src/stm32f4xx_hal_uart.o
 .debug_info    0x000127ed     0x534f ./Middlewares/Third_Party/FreeRTOS/Source/CMSIS_RTOS_V2/cmsis_os2.o
 .debug_info    0x00017b3c      0x2c3 ./Middlewares/Third_Party/FreeRTOS/Source/list.o
 .debug_info    0x00017dff     0x2779 ./Middlewares/Third_Party/FreeRTOS/Source/queue.o
 .debug_info    0x0001a578     0x3786 ./Middlewares/Third_Party/FreeRTOS/Source/tasks.o
 .debug_info    0x0001dcfe     0x21bc ./Middlewares/Third_Party/FreeRTOS/Source/timers.o
 .debug_info    0x0001feba      0x55e ./Middlewares/Third_Party/FreeRTOS/Source/portable/GCC/ARM_CM4F/port.o
 .debug_info    0x00020418      0x597 ./Middlewares/Third_Party/FreeRTOS/Source/portable/MemMang/heap_4.o

.debug_abbrev   0x00000000     0x3e46
 .debug_abbrev  0x00000000      0x229 ./Core/Src/freertos.o
 .debug_abbrev  0x00000229      0x165 ./Core/Src/gpio.o
 .debug_abbrev  0x0000038e      0x292 ./Core/Src/main.o
 .debug_abbrev  0x00000620      0x122 ./Core/Src/stm32f4xx_hal_msp.o
 .debug_abbrev  0x00000742      0x248 ./Core/Src/stm32f4xx_hal_timebase_tim.o
 .debug_abbrev  0x0000098a      0x1a7 ./Core/Src/stm32f4xx_it.o
 .debug_abbrev  0x00000b31      0x120 ./Core/Src/system_stm32f4xx.o
 .debug_abbrev  0x00000c51      0x24c ./Core/Src/tim.o
 .debug_abbrev  0x00000e9d      0x237 ./Core/Src/usart.o
 .debug_abbrev  0x000010d4       0x24 ./Core/Startup/startup_stm32f401retx.o
 .debug_abbrev  0x000010f8      0x279 ./Drivers/STM32F4xx_HAL_Driver/Src/stm32f4xx_hal.o
 .debug_abbrev  0x00001371      0x39e ./Drivers/STM32F4xx_HAL_Driver/Src/stm32f4xx_hal_cortex.o
 .debug_abbrev  0x0000170f      0x27f ./Drivers/STM32F4xx_HAL_Driver/Src/stm32f4xx_hal_dma.o
 .debug_abbrev  0x0000198e      0x203 ./Drivers/STM32F4xx_HAL_Driver/Src/stm32f4xx_hal_gpio.o
 .debug_abbrev  0x00001b91      0x2c7 ./Drivers/STM32F4xx_HAL_Driver/Src/stm32f4xx_hal_rcc.o
 .debug_abbrev  0x00001e58      0x286 ./Drivers/STM32F4xx_HAL_Driver/Src/stm32f4xx_hal_tim.o
 .debug_abbrev  0x000020de      0x284 ./Drivers/STM32F4xx_HAL_Driver/Src/stm32f4xx_hal_tim_ex.o
 .debug_abbrev  0x00002362      0x33e ./Drivers/STM32F4xx_HAL_Driver/Src/stm32f4xx_hal_uart.o
 .debug_abbrev  0x000026a0      0x60a ./Middlewares/Third_Party/FreeRTOS/Source/CMSIS_RTOS_V2/cmsis_os2.o
 .debug_abbrev  0x00002caa      0x10c ./Middlewares/Third_Party/FreeRTOS/Source/list.o
 .debug_abbrev  0x00002db6      0x3ec ./Middlewares/Third_Party/FreeRTOS/Source/queue.o
 .debug_abbrev  0x000031a2      0x411 ./Middlewares/Third_Party/FreeRTOS/Source/tasks.o
 .debug_abbrev  0x000035b3      0x399 ./Middlewares/Third_Party/FreeRTOS/Source/timers.o
 .debug_abbrev  0x0000394c      0x295 ./Middlewares/Third_Party/FreeRTOS/Source/portable/GCC/ARM_CM4F/port.o
 .debug_abbrev  0x00003be1      0x265 ./Middlewares/Third_Party/FreeRTOS/Source/portable/MemMang/heap_4.o

.debug_loclists
                0x00000000     0xeb42
 .debug_loclists
                0x00000000       0x3b ./Core/Src/freertos.o
 .debug_loclists
                0x0000003b       0x34 ./Core/Src/main.o
 .debug_loclists
                0x0000006f       0x6d ./Core/Src/stm32f4xx_hal_timebase_tim.o
 .debug_loclists
                0x000000dc       0xdb ./Core/Src/system_stm32f4xx.o
 .debug_loclists
                0x000001b7       0xa7 ./Core/Src/tim.o
 .debug_loclists
                0x0000025e       0x5d ./Core/Src/usart.o
 .debug_loclists
                0x000002bb       0xc9 ./Drivers/STM32F4xx_HAL_Driver/Src/stm32f4xx_hal.o
 .debug_loclists
                0x00000384      0x439 ./Drivers/STM32F4xx_HAL_Driver/Src/stm32f4xx_hal_cortex.o
 .debug_loclists
                0x000007bd      0x763 ./Drivers/STM32F4xx_HAL_Driver/Src/stm32f4xx_hal_dma.o
 .debug_loclists
                0x00000f20      0x356 ./Drivers/STM32F4xx_HAL_Driver/Src/stm32f4xx_hal_gpio.o
 .debug_loclists
                0x00001276      0x3a9 ./Drivers/STM32F4xx_HAL_Driver/Src/stm32f4xx_hal_rcc.o
 .debug_loclists
                0x0000161f     0x3360 ./Drivers/STM32F4xx_HAL_Driver/Src/stm32f4xx_hal_tim.o
 .debug_loclists
                0x0000497f     0x1292 ./Drivers/STM32F4xx_HAL_Driver/Src/stm32f4xx_hal_tim_ex.o
 .debug_loclists
                0x00005c11     0x29f1 ./Drivers/STM32F4xx_HAL_Driver/Src/stm32f4xx_hal_uart.o
 .debug_loclists
                0x00008602     0x31d5 ./Middlewares/Third_Party/FreeRTOS/Source/CMSIS_RTOS_V2/cmsis_os2.o
 .debug_loclists
                0x0000b7d7       0x6f ./Middlewares/Third_Party/FreeRTOS/Source/list.o
 .debug_loclists
                0x0000b846      0xfbc ./Middlewares/Third_Party/FreeRTOS/Source/queue.o
 .debug_loclists
                0x0000c802     0x159a ./Middlewares/Third_Party/FreeRTOS/Source/tasks.o
 .debug_loclists
                0x0000dd9c      0xa40 ./Middlewares/Third_Party/FreeRTOS/Source/timers.o
 .debug_loclists
                0x0000e7dc       0xbb ./Middlewares/Third_Party/FreeRTOS/Source/portable/GCC/ARM_CM4F/port.o
 .debug_loclists
                0x0000e897      0x2ab ./Middlewares/Third_Party/FreeRTOS/Source/portable/MemMang/heap_4.o

.debug_aranges  0x00000000     0x1498
 .debug_aranges
                0x00000000       0x38 ./Core/Src/freertos.o
 .debug_aranges
                0x00000038       0x20 ./Core/Src/gpio.o
 .debug_aranges
                0x00000058       0x40 ./Core/Src/main.o
 .debug_aranges
                0x00000098       0x20 ./Core/Src/stm32f4xx_hal_msp.o
 .debug_aranges
                0x000000b8       0x30 ./Core/Src/stm32f4xx_hal_timebase_tim.o
 .debug_aranges
                0x000000e8       0x60 ./Core/Src/stm32f4xx_it.o
 .debug_aranges
                0x00000148       0x28 ./Core/Src/system_stm32f4xx.o
 .debug_aranges
                0x00000170       0x40 ./Core/Src/tim.o
 .debug_aranges
                0x000001b0       0x30 ./Core/Src/usart.o
 .debug_aranges
                0x000001e0       0x28 ./Core/Startup/startup_stm32f401retx.o
 .debug_aranges
                0x00000208       0xf0 ./Drivers/STM32F4xx_HAL_Driver/Src/stm32f4xx_hal.o
 .debug_aranges
                0x000002f8       0xe8 ./Drivers/STM32F4xx_HAL_Driver/Src/stm32f4xx_hal_cortex.o
 .debug_aranges
                0x000003e0       0x90 ./Drivers/STM32F4xx_HAL_Driver/Src/stm32f4xx_hal_dma.o
 .debug_aranges
                0x00000470       0x58 ./Drivers/STM32F4xx_HAL_Driver/Src/stm32f4xx_hal_gpio.o
 .debug_aranges
                0x000004c8       0x88 ./Drivers/STM32F4xx_HAL_Driver/Src/stm32f4xx_hal_rcc.o
 .debug_aranges
                0x00000550      0x3d0 ./Drivers/STM32F4xx_HAL_Driver/Src/stm32f4xx_hal_tim.o
 .debug_aranges
                0x00000920      0x168 ./Drivers/STM32F4xx_HAL_Driver/Src/stm32f4xx_hal_tim_ex.o
 .debug_aranges
                0x00000a88      0x208 ./Drivers/STM32F4xx_HAL_Driver/Src/stm32f4xx_hal_uart.o
 .debug_aranges
                0x00000c90      0x2a0 ./Middlewares/Third_Party/FreeRTOS/Source/CMSIS_RTOS_V2/cmsis_os2.o
 .debug_aranges
                0x00000f30       0x40 ./Middlewares/Third_Party/FreeRTOS/Source/list.o
 .debug_aranges
                0x00000f70      0x158 ./Middlewares/Third_Party/FreeRTOS/Source/queue.o
 .debug_aranges
                0x000010c8      0x208 ./Middlewares/Third_Party/FreeRTOS/Source/tasks.o
 .debug_aranges
                0x000012d0       0xf0 ./Middlewares/Third_Party/FreeRTOS/Source/timers.o
 .debug_aranges
                0x000013c0       0x80 ./Middlewares/Third_Party/FreeRTOS/Source/portable/GCC/ARM_CM4F/port.o
 .debug_aranges
                0x00001440       0x58 ./Middlewares/Third_Party/FreeRTOS/Source/portable/MemMang/heap_4.o

.debug_rnglists
                0x00000000     0x10ba
 .debug_rnglists
                0x00000000       0x27 ./Core/Src/freertos.o
 .debug_rnglists
                0x00000027       0x14 ./Core/Src/gpio.o
 .debug_rnglists
                0x0000003b       0x2c ./Core/Src/main.o
 .debug_rnglists
                0x00000067       0x13 ./Core/Src/stm32f4xx_hal_msp.o
 .debug_rnglists
                0x0000007a       0x20 ./Core/Src/stm32f4xx_hal_timebase_tim.o
 .debug_rnglists
                0x0000009a       0x43 ./Core/Src/stm32f4xx_it.o
 .debug_rnglists
                0x000000dd       0x1a ./Core/Src/system_stm32f4xx.o
 .debug_rnglists
                0x000000f7       0x2d ./Core/Src/tim.o
 .debug_rnglists
                0x00000124       0x20 ./Core/Src/usart.o
 .debug_rnglists
                0x00000144       0x19 ./Core/Startup/startup_stm32f401retx.o
 .debug_rnglists
                0x0000015d       0xaf ./Drivers/STM32F4xx_HAL_Driver/Src/stm32f4xx_hal.o
 .debug_rnglists
                0x0000020c       0xa9 ./Drivers/STM32F4xx_HAL_Driver/Src/stm32f4xx_hal_cortex.o
 .debug_rnglists
                0x000002b5       0x6c ./Drivers/STM32F4xx_HAL_Driver/Src/stm32f4xx_hal_dma.o
 .debug_rnglists
                0x00000321       0x3f ./Drivers/STM32F4xx_HAL_Driver/Src/stm32f4xx_hal_gpio.o
 .debug_rnglists
                0x00000360       0x75 ./Drivers/STM32F4xx_HAL_Driver/Src/stm32f4xx_hal_rcc.o
 .debug_rnglists
                0x000003d5      0x2ff ./Drivers/STM32F4xx_HAL_Driver/Src/stm32f4xx_hal_tim.o
 .debug_rnglists
                0x000006d4      0x11a ./Drivers/STM32F4xx_HAL_Driver/Src/stm32f4xx_hal_tim_ex.o
 .debug_rnglists
                0x000007ee      0x1a1 ./Drivers/STM32F4xx_HAL_Driver/Src/stm32f4xx_hal_uart.o
 .debug_rnglists
                0x0000098f      0x1fe ./Middlewares/Third_Party/FreeRTOS/Source/CMSIS_RTOS_V2/cmsis_os2.o
 .debug_rnglists
                0x00000b8d       0x2b ./Middlewares/Third_Party/FreeRTOS/Source/list.o
 .debug_rnglists
                0x00000bb8      0x170 ./Middlewares/Third_Party/FreeRTOS/Source/queue.o
 .debug_rnglists
                0x00000d28      0x23a ./Middlewares/Third_Party/FreeRTOS/Source/tasks.o
 .debug_rnglists
                0x00000f62       0xb0 ./Middlewares/Third_Party/FreeRTOS/Source/timers.o
 .debug_rnglists
                0x00001012       0x69 ./Middlewares/Third_Party/FreeRTOS/Source/portable/GCC/ARM_CM4F/port.o
 .debug_rnglists
                0x0000107b       0x3f ./Middlewares/Third_Party/FreeRTOS/Source/portable/MemMang/heap_4.o

.debug_macro    0x00000000    0x1892f
 .debug_macro   0x00000000      0x328 ./Core/Src/freertos.o
 .debug_macro   0x00000328      0xab4 ./Core/Src/freertos.o
 .debug_macro   0x00000ddc      0x189 ./Core/Src/freertos.o
 .debug_macro   0x00000f65       0x22 ./Core/Src/freertos.o
 .debug_macro   0x00000f87       0x8e ./Core/Src/freertos.o
 .debug_macro   0x00001015       0x51 ./Core/Src/freertos.o
 .debug_macro   0x00001066      0x103 ./Core/Src/freertos.o
 .debug_macro   0x00001169       0x6a ./Core/Src/freertos.o
 .debug_macro   0x000011d3      0x1df ./Core/Src/freertos.o
 .debug_macro   0x000013b2      0x16f ./Core/Src/freertos.o
 .debug_macro   0x00001521      0x15a ./Core/Src/freertos.o
 .debug_macro   0x0000167b       0xc9 ./Core/Src/freertos.o
 .debug_macro   0x00001744       0x1c ./Core/Src/freertos.o
 .debug_macro   0x00001760       0x26 ./Core/Src/freertos.o
 .debug_macro   0x00001786       0x61 ./Core/Src/freertos.o
 .debug_macro   0x000017e7       0x2a ./Core/Src/freertos.o
 .debug_macro   0x00001811       0x43 ./Core/Src/freertos.o
 .debug_macro   0x00001854       0x34 ./Core/Src/freertos.o
 .debug_macro   0x00001888       0x16 ./Core/Src/freertos.o
 .debug_macro   0x0000189e       0x43 ./Core/Src/freertos.o
 .debug_macro   0x000018e1       0x34 ./Core/Src/freertos.o
 .debug_macro   0x00001915       0x10 ./Core/Src/freertos.o
 .debug_macro   0x00001925       0x58 ./Core/Src/freertos.o
 .debug_macro   0x0000197d       0x8e ./Core/Src/freertos.o
 .debug_macro   0x00001a0b       0x1c ./Core/Src/freertos.o
 .debug_macro   0x00001a27      0x177 ./Core/Src/freertos.o
 .debug_macro   0x00001b9e       0x10 ./Core/Src/freertos.o
 .debug_macro   0x00001bae       0x35 ./Core/Src/freertos.o
 .debug_macro   0x00001be3      0x4bf ./Core/Src/freertos.o
 .debug_macro   0x000020a2       0xb5 ./Core/Src/freertos.o
 .debug_macro   0x00002157       0xaa ./Core/Src/freertos.o
 .debug_macro   0x00002201      0x29b ./Core/Src/freertos.o
 .debug_macro   0x0000249c       0x2e ./Core/Src/freertos.o
 .debug_macro   0x000024ca       0x28 ./Core/Src/freertos.o
 .debug_macro   0x000024f2       0x1c ./Core/Src/freertos.o
 .debug_macro   0x0000250e       0x22 ./Core/Src/freertos.o
 .debug_macro   0x00002530       0xfb ./Core/Src/freertos.o
 .debug_macro   0x0000262b     0x1011 ./Core/Src/freertos.o
 .debug_macro   0x0000363c      0x11f ./Core/Src/freertos.o
 .debug_macro   0x0000375b     0xb86c ./Core/Src/freertos.o
 .debug_macro   0x0000efc7       0x6d ./Core/Src/freertos.o
 .debug_macro   0x0000f034     0x368c ./Core/Src/freertos.o
 .debug_macro   0x000126c0       0x5c ./Core/Src/freertos.o
 .debug_macro   0x0001271c      0x416 ./Core/Src/freertos.o
 .debug_macro   0x00012b32      0x9e9 ./Core/Src/freertos.o
 .debug_macro   0x0001351b      0x115 ./Core/Src/freertos.o
 .debug_macro   0x00013630       0xf8 ./Core/Src/freertos.o
 .debug_macro   0x00013728       0xa5 ./Core/Src/freertos.o
 .debug_macro   0x000137cd      0x15f ./Core/Src/freertos.o
 .debug_macro   0x0001392c      0x287 ./Core/Src/freertos.o
 .debug_macro   0x00013bb3       0x5f ./Core/Src/freertos.o
 .debug_macro   0x00013c12      0x236 ./Core/Src/freertos.o
 .debug_macro   0x00013e48      0x132 ./Core/Src/freertos.o
 .debug_macro   0x00013f7a      0x264 ./Core/Src/freertos.o
 .debug_macro   0x000141de       0x2e ./Core/Src/freertos.o
 .debug_macro   0x0001420c      0x127 ./Core/Src/freertos.o
 .debug_macro   0x00014333       0x85 ./Core/Src/freertos.o
 .debug_macro   0x000143b8       0x89 ./Core/Src/freertos.o
 .debug_macro   0x00014441      0x8ed ./Core/Src/freertos.o
 .debug_macro   0x00014d2e       0x47 ./Core/Src/freertos.o
 .debug_macro   0x00014d75      0x2aa ./Core/Src/freertos.o
 .debug_macro   0x0001501f      0x126 ./Core/Src/freertos.o
 .debug_macro   0x00015145       0x4c ./Core/Src/freertos.o
 .debug_macro   0x00015191       0x6c ./Core/Src/freertos.o
 .debug_macro   0x000151fd       0x74 ./Core/Src/freertos.o
 .debug_macro   0x00015271       0xdd ./Core/Src/freertos.o
 .debug_macro   0x0001534e      0x1e7 ./Core/Src/gpio.o
 .debug_macro   0x00015535      0x32c ./Core/Src/main.o
 .debug_macro   0x00015861      0x16f ./Core/Src/main.o
 .debug_macro   0x000159d0       0x66 ./Core/Src/main.o
 .debug_macro   0x00015a36      0x1dd ./Core/Src/stm32f4xx_hal_msp.o
 .debug_macro   0x00015c13      0x1ce ./Core/Src/stm32f4xx_hal_timebase_tim.o
 .debug_macro   0x00015de1      0x1e7 ./Core/Src/stm32f4xx_it.o
 .debug_macro   0x00015fc8      0x1ce ./Core/Src/system_stm32f4xx.o
 .debug_macro   0x00016196      0x1e7 ./Core/Src/tim.o
 .debug_macro   0x0001637d      0x1e7 ./Core/Src/usart.o
 .debug_macro   0x00016564      0x22e ./Drivers/STM32F4xx_HAL_Driver/Src/stm32f4xx_hal.o
 .debug_macro   0x00016792      0x1ce ./Drivers/STM32F4xx_HAL_Driver/Src/stm32f4xx_hal_cortex.o
 .debug_macro   0x00016960      0x1d4 ./Drivers/STM32F4xx_HAL_Driver/Src/stm32f4xx_hal_dma.o
 .debug_macro   0x00016b34      0x1d4 ./Drivers/STM32F4xx_HAL_Driver/Src/stm32f4xx_hal_gpio.o
 .debug_macro   0x00016d08      0x1f2 ./Drivers/STM32F4xx_HAL_Driver/Src/stm32f4xx_hal_rcc.o
 .debug_macro   0x00016efa      0x1cf ./Drivers/STM32F4xx_HAL_Driver/Src/stm32f4xx_hal_tim.o
 .debug_macro   0x000170c9      0x1ce ./Drivers/STM32F4xx_HAL_Driver/Src/stm32f4xx_hal_tim_ex.o
 .debug_macro   0x00017297      0x1cf ./Drivers/STM32F4xx_HAL_Driver/Src/stm32f4xx_hal_uart.o
 .debug_macro   0x00017466      0x3d7 ./Middlewares/Third_Party/FreeRTOS/Source/CMSIS_RTOS_V2/cmsis_os2.o
 .debug_macro   0x0001783d       0x10 ./Middlewares/Third_Party/FreeRTOS/Source/CMSIS_RTOS_V2/cmsis_os2.o
 .debug_macro   0x0001784d       0x20 ./Middlewares/Third_Party/FreeRTOS/Source/CMSIS_RTOS_V2/cmsis_os2.o
 .debug_macro   0x0001786d       0x10 ./Middlewares/Third_Party/FreeRTOS/Source/CMSIS_RTOS_V2/cmsis_os2.o
 .debug_macro   0x0001787d       0xf5 ./Middlewares/Third_Party/FreeRTOS/Source/CMSIS_RTOS_V2/cmsis_os2.o
 .debug_macro   0x00017972       0x16 ./Middlewares/Third_Party/FreeRTOS/Source/CMSIS_RTOS_V2/cmsis_os2.o
 .debug_macro   0x00017988       0x91 ./Middlewares/Third_Party/FreeRTOS/Source/CMSIS_RTOS_V2/cmsis_os2.o
 .debug_macro   0x00017a19       0x8d ./Middlewares/Third_Party/FreeRTOS/Source/CMSIS_RTOS_V2/cmsis_os2.o
 .debug_macro   0x00017aa6       0x9a ./Middlewares/Third_Party/FreeRTOS/Source/CMSIS_RTOS_V2/cmsis_os2.o
 .debug_macro   0x00017b40       0x22 ./Middlewares/Third_Party/FreeRTOS/Source/CMSIS_RTOS_V2/cmsis_os2.o
 .debug_macro   0x00017b62       0x56 ./Middlewares/Third_Party/FreeRTOS/Source/CMSIS_RTOS_V2/cmsis_os2.o
 .debug_macro   0x00017bb8      0x199 ./Middlewares/Third_Party/FreeRTOS/Source/list.o
 .debug_macro   0x00017d51      0x228 ./Middlewares/Third_Party/FreeRTOS/Source/queue.o
 .debug_macro   0x00017f79       0x16 ./Middlewares/Third_Party/FreeRTOS/Source/queue.o
 .debug_macro   0x00017f8f       0x87 ./Middlewares/Third_Party/FreeRTOS/Source/queue.o
 .debug_macro   0x00018016      0x291 ./Middlewares/Third_Party/FreeRTOS/Source/tasks.o
 .debug_macro   0x000182a7       0x10 ./Middlewares/Third_Party/FreeRTOS/Source/tasks.o
 .debug_macro   0x000182b7      0x1ee ./Middlewares/Third_Party/FreeRTOS/Source/timers.o
 .debug_macro   0x000184a5       0x97 ./Middlewares/Third_Party/FreeRTOS/Source/timers.o
 .debug_macro   0x0001853c      0x233 ./Middlewares/Third_Party/FreeRTOS/Source/portable/GCC/ARM_CM4F/port.o
 .debug_macro   0x0001876f      0x1c0 ./Middlewares/Third_Party/FreeRTOS/Source/portable/MemMang/heap_4.o

.debug_line     0x00000000    0x20c70
 .debug_line    0x00000000      0xbde ./Core/Src/freertos.o
 .debug_line    0x00000bde      0x7d6 ./Core/Src/gpio.o
 .debug_line    0x000013b4      0xb72 ./Core/Src/main.o
 .debug_line    0x00001f26      0x763 ./Core/Src/stm32f4xx_hal_msp.o
 .debug_line    0x00002689      0x820 ./Core/Src/stm32f4xx_hal_timebase_tim.o
 .debug_line    0x00002ea9      0x865 ./Core/Src/stm32f4xx_it.o
 .debug_line    0x0000370e      0x816 ./Core/Src/system_stm32f4xx.o
 .debug_line    0x00003f24      0x9e3 ./Core/Src/tim.o
 .debug_line    0x00004907      0x841 ./Core/Src/usart.o
 .debug_line    0x00005148       0x7a ./Core/Startup/startup_stm32f401retx.o
 .debug_line    0x000051c2      0xaba ./Drivers/STM32F4xx_HAL_Driver/Src/stm32f4xx_hal.o
 .debug_line    0x00005c7c      0xdbd ./Drivers/STM32F4xx_HAL_Driver/Src/stm32f4xx_hal_cortex.o
 .debug_line    0x00006a39     0x13d5 ./Drivers/STM32F4xx_HAL_Driver/Src/stm32f4xx_hal_dma.o
 .debug_line    0x00007e0e      0xc42 ./Drivers/STM32F4xx_HAL_Driver/Src/stm32f4xx_hal_gpio.o
 .debug_line    0x00008a50     0x104c ./Drivers/STM32F4xx_HAL_Driver/Src/stm32f4xx_hal_rcc.o
 .debug_line    0x00009a9c     0x4eed ./Drivers/STM32F4xx_HAL_Driver/Src/stm32f4xx_hal_tim.o
 .debug_line    0x0000e989     0x2220 ./Drivers/STM32F4xx_HAL_Driver/Src/stm32f4xx_hal_tim_ex.o
 .debug_line    0x00010ba9     0x47fc ./Drivers/STM32F4xx_HAL_Driver/Src/stm32f4xx_hal_uart.o
 .debug_line    0x000153a5     0x315e ./Middlewares/Third_Party/FreeRTOS/Source/CMSIS_RTOS_V2/cmsis_os2.o
 .debug_line    0x00018503      0x858 ./Middlewares/Third_Party/FreeRTOS/Source/list.o
 .debug_line    0x00018d5b     0x23e4 ./Middlewares/Third_Party/FreeRTOS/Source/queue.o
 .debug_line    0x0001b13f     0x30ce ./Middlewares/Third_Party/FreeRTOS/Source/tasks.o
 .debug_line    0x0001e20d     0x1338 ./Middlewares/Third_Party/FreeRTOS/Source/timers.o
 .debug_line    0x0001f545      0xb7b ./Middlewares/Third_Party/FreeRTOS/Source/portable/GCC/ARM_CM4F/port.o
 .debug_line    0x000200c0      0xbb0 ./Middlewares/Third_Party/FreeRTOS/Source/portable/MemMang/heap_4.o

.debug_str      0x00000000    0x97b4f
 .debug_str     0x00000000    0x8d2c3 ./Core/Src/freertos.o
                              0x8d66e (size before relaxing)
 .debug_str     0x0008d2c3      0x1ee ./Core/Src/gpio.o
                              0x865d5 (size before relaxing)
 .debug_str     0x0008d4b1      0x271 ./Core/Src/main.o
                              0x8d24e (size before relaxing)
 .debug_str     0x0008d722      0x3cd ./Core/Src/stm32f4xx_hal_msp.o
                              0x868a3 (size before relaxing)
 .debug_str     0x0008daef       0xf5 ./Core/Src/stm32f4xx_hal_timebase_tim.o
                              0x86e37 (size before relaxing)
 .debug_str     0x0008dbe4       0xf4 ./Core/Src/stm32f4xx_it.o
                              0x86c09 (size before relaxing)
 .debug_str     0x0008dcd8       0xdb ./Core/Src/system_stm32f4xx.o
                              0x864b1 (size before relaxing)
 .debug_str     0x0008ddb3      0x1ec ./Core/Src/tim.o
                              0x870c8 (size before relaxing)
 .debug_str     0x0008df9f       0x61 ./Core/Src/usart.o
                              0x86e52 (size before relaxing)
 .debug_str     0x0008e000       0x44 ./Core/Startup/startup_stm32f401retx.o
                                 0x56 (size before relaxing)
 .debug_str     0x0008e044      0x5d3 ./Drivers/STM32F4xx_HAL_Driver/Src/stm32f4xx_hal.o
                              0x86ed3 (size before relaxing)
 .debug_str     0x0008e617      0x32a ./Drivers/STM32F4xx_HAL_Driver/Src/stm32f4xx_hal_cortex.o
                              0x86c0b (size before relaxing)
 .debug_str     0x0008e941      0x31d ./Drivers/STM32F4xx_HAL_Driver/Src/stm32f4xx_hal_dma.o
                              0x868b9 (size before relaxing)
 .debug_str     0x0008ec5e      0x121 ./Drivers/STM32F4xx_HAL_Driver/Src/stm32f4xx_hal_gpio.o
                              0x8662c (size before relaxing)
 .debug_str     0x0008ed7f      0x20e ./Drivers/STM32F4xx_HAL_Driver/Src/stm32f4xx_hal_rcc.o
                              0x868f6 (size before relaxing)
 .debug_str     0x0008ef8d      0xd1b ./Drivers/STM32F4xx_HAL_Driver/Src/stm32f4xx_hal_tim.o
                              0x87829 (size before relaxing)
 .debug_str     0x0008fca8      0x493 ./Drivers/STM32F4xx_HAL_Driver/Src/stm32f4xx_hal_tim_ex.o
                              0x87035 (size before relaxing)
 .debug_str     0x0009013b      0x5f1 ./Drivers/STM32F4xx_HAL_Driver/Src/stm32f4xx_hal_uart.o
                              0x86ec5 (size before relaxing)
 .debug_str     0x0009072c     0x48b3 ./Middlewares/Third_Party/FreeRTOS/Source/CMSIS_RTOS_V2/cmsis_os2.o
                              0x912a6 (size before relaxing)
 .debug_str     0x00094fdf      0x20f ./Middlewares/Third_Party/FreeRTOS/Source/list.o
                               0xaad9 (size before relaxing)
 .debug_str     0x000951ee      0x892 ./Middlewares/Third_Party/FreeRTOS/Source/queue.o
                               0xc62a (size before relaxing)
 .debug_str     0x00095a80     0x1079 ./Middlewares/Third_Party/FreeRTOS/Source/tasks.o
                               0xd42f (size before relaxing)
 .debug_str     0x00096af9      0x5af ./Middlewares/Third_Party/FreeRTOS/Source/timers.o
                               0xce6a (size before relaxing)
 .debug_str     0x000970a8      0x783 ./Middlewares/Third_Party/FreeRTOS/Source/portable/GCC/ARM_CM4F/port.o
                               0xa291 (size before relaxing)
 .debug_str     0x0009782b      0x324 ./Middlewares/Third_Party/FreeRTOS/Source/portable/MemMang/heap_4.o
                               0xb41b (size before relaxing)

.comment        0x00000000       0x43
 .comment       0x00000000       0x43 ./Core/Src/freertos.o
                                 0x44 (size before relaxing)
 .comment       0x00000043       0x44 ./Core/Src/gpio.o
 .comment       0x00000043       0x44 ./Core/Src/main.o
 .comment       0x00000043       0x44 ./Core/Src/stm32f4xx_hal_msp.o
 .comment       0x00000043       0x44 ./Core/Src/stm32f4xx_hal_timebase_tim.o
 .comment       0x00000043       0x44 ./Core/Src/stm32f4xx_it.o
 .comment       0x00000043       0x44 ./Core/Src/system_stm32f4xx.o
 .comment       0x00000043       0x44 ./Core/Src/tim.o
 .comment       0x00000043       0x44 ./Core/Src/usart.o
 .comment       0x00000043       0x44 ./Drivers/STM32F4xx_HAL_Driver/Src/stm32f4xx_hal.o
 .comment       0x00000043       0x44 ./Drivers/STM32F4xx_HAL_Driver/Src/stm32f4xx_hal_cortex.o
 .comment       0x00000043       0x44 ./Drivers/STM32F4xx_HAL_Driver/Src/stm32f4xx_hal_dma.o
 .comment       0x00000043       0x44 ./Drivers/STM32F4xx_HAL_Driver/Src/stm32f4xx_hal_gpio.o
 .comment       0x00000043       0x44 ./Drivers/STM32F4xx_HAL_Driver/Src/stm32f4xx_hal_rcc.o
 .comment       0x00000043       0x44 ./Drivers/STM32F4xx_HAL_Driver/Src/stm32f4xx_hal_tim.o
 .comment       0x00000043       0x44 ./Drivers/STM32F4xx_HAL_Driver/Src/stm32f4xx_hal_tim_ex.o
 .comment       0x00000043       0x44 ./Drivers/STM32F4xx_HAL_Driver/Src/stm32f4xx_hal_uart.o
 .comment       0x00000043       0x44 ./Middlewares/Third_Party/FreeRTOS/Source/CMSIS_RTOS_V2/cmsis_os2.o
 .comment       0x00000043       0x44 ./Middlewares/Third_Party/FreeRTOS/Source/list.o
 .comment       0x00000043       0x44 ./Middlewares/Third_Party/FreeRTOS/Source/queue.o